---
source: tests/support/2_fixture_runner.rs
---
{
  "0_metacall": {
    "fixture": {
      "sites": [
        [
          "is/2",
          "",
          364
        ],
        [
          "maplist/3",
          "",
          405
        ],
        [
          "double/2",
          "",
          413
        ],
        [
          "call/3",
          "",
          443
        ],
        [
          "double/2",
          "",
          448
        ],
        [
          "forall/2",
          "",
          467
        ],
        [
          "member/2",
          "",
          474
        ],
        [
          "double/2",
          "",
          500
        ],
        [
          "findall/3",
          "",
          525
        ],
        [
          "double/2",
          "",
          540
        ]
      ],
      "references": [
        [
          "module/2",
          "goal",
          298
        ],
        [
          "is/2",
          "goal",
          364
        ],
        [
          "maplist/3",
          "goal",
          405
        ],
        [
          "double/2",
          "closure",
          413
        ],
        [
          "call/3",
          "goal",
          443
        ],
        [
          "double/2",
          "closure",
          448
        ],
        [
          "forall/2",
          "goal",
          467
        ],
        [
          "member/2",
          "goal",
          474
        ],
        [
          "double/2",
          "goal",
          500
        ],
        [
          "findall/3",
          "goal",
          525
        ],
        [
          "double/2",
          "goal",
          540
        ]
      ]
    },
    "directive": {
      "sites": [
        [
          "call/3",
          "",
          405
        ],
        [
          "apply_twice/3",
          "",
          433
        ],
        [
          "double2/2",
          "",
          445
        ],
        [
          "is/2",
          "",
          479
        ],
        [
          "setof/3",
          "",
          507
        ],
        [
          "parent/2",
          "",
          518
        ]
      ],
      "references": [
        [
          "module/2",
          "goal",
          290
        ],
        [
          "meta_predicate/1",
          "goal",
          340
        ],
        [
          "apply_twice/3",
          "term_arg",
          355
        ],
        [
          "call/3",
          "goal",
          405
        ],
        [
          "apply_twice/3",
          "goal",
          433
        ],
        [
          "double2/2",
          "closure",
          445
        ],
        [
          "is/2",
          "goal",
          479
        ],
        [
          "setof/3",
          "goal",
          507
        ],
        [
          "parent/2",
          "goal",
          518
        ]
      ]
    },
    "specs": {
      "sites": [
        [
          "setof/3",
          "",
          275
        ],
        [
          "q/1",
          "",
          287
        ],
        [
          "bagof/3",
          "",
          306
        ],
        [
          "r/1",
          "",
          318
        ],
        [
          "aggregate_all/4",
          "",
          337
        ],
        [
          "q/1",
          "",
          361
        ],
        [
          "catch_with_backtrace/3",
          "",
          380
        ],
        [
          "q/1",
          "",
          401
        ],
        [
          "r/1",
          "",
          410
        ],
        [
          "setup_call_catcher_cleanup/4",
          "",
          423
        ],
        [
          "q/1",
          "",
          450
        ],
        [
          "r/1",
          "",
          456
        ],
        [
          "r/1",
          "",
          465
        ],
        [
          "partition/5",
          "",
          481
        ],
        [
          "p/2",
          "",
          491
        ],
        [
          "include/3",
          "",
          519
        ],
        [
          "p/2",
          "",
          527
        ],
        [
          "foldl/4",
          "",
          546
        ],
        [
          "p/3",
          "",
          552
        ],
        [
          ">/2",
          "",
          593
        ]
      ],
      "references": [
        [
          "module/2",
          "goal",
          241
        ],
        [
          "setof/3",
          "goal",
          275
        ],
        [
          "p/1",
          "term_arg",
          281
        ],
        [
          "q/1",
          "goal",
          287
        ],
        [
          "bagof/3",
          "goal",
          306
        ],
        [
          "p/1",
          "term_arg",
          312
        ],
        [
          "r/1",
          "goal",
          318
        ],
        [
          "aggregate_all/4",
          "goal",
          337
        ],
        [
          "q/1",
          "goal",
          361
        ],
        [
          "catch_with_backtrace/3",
          "goal",
          380
        ],
        [
          "q/1",
          "goal",
          401
        ],
        [
          "r/1",
          "goal",
          410
        ],
        [
          "setup_call_catcher_cleanup/4",
          "goal",
          423
        ],
        [
          "q/1",
          "goal",
          450
        ],
        [
          "r/1",
          "goal",
          456
        ],
        [
          "r/1",
          "goal",
          465
        ],
        [
          "partition/5",
          "goal",
          481
        ],
        [
          "p/2",
          "closure",
          491
        ],
        [
          "include/3",
          "goal",
          519
        ],
        [
          "p/2",
          "closure",
          527
        ],
        [
          "foldl/4",
          "goal",
          546
        ],
        [
          "p/3",
          "closure",
          552
        ],
        [
          ">/2",
          "goal",
          593
        ]
      ]
    },
    "resolve_edges": [
      [
        "go/1",
        "double/2"
      ],
      [
        "go/1",
        "double/2"
      ],
      [
        "go/1",
        "double/2"
      ],
      [
        "go/1",
        "double/2"
      ]
    ]
  }
}
