shapes.rs facts=183 interned=32 debug_hash=c731dd183db809db
ratchet_soopy/src/_0_types.rs facts=1347 interned=482 debug_hash=e74622236878bff7
ratchet_soopy/src/_0a_durable_write.rs facts=216 interned=48 debug_hash=a25a660c2ba47b32
ratchet_soopy/src/_11_refs.rs facts=258 interned=62 debug_hash=8cb78eef63773ae2
ratchet_soopy/src/_12_revision_graph.rs facts=286 interned=76 debug_hash=fdc4a7bb2a54707f
ratchet_soopy/src/_13_fetch.rs facts=215 interned=61 debug_hash=b94bd113dcb399be
ratchet_soopy/src/_14_multi_repo_refresh.rs facts=329 interned=79 debug_hash=d5405770b035707f
ratchet_soopy/src/_1_pattern.rs facts=28 interned=6 debug_hash=f727c759a9237082
ratchet_soopy/src/_1a_path.rs facts=26 interned=5 debug_hash=622d35845ee2babc
ratchet_soopy/src/_2_repository.rs facts=29 interned=6 debug_hash=e6d4a8d82f51974a
ratchet_soopy/src/_2a_directory.rs facts=64 interned=15 debug_hash=13c6db3278604b84
ratchet_soopy/src/_3_revision.rs facts=64 interned=14 debug_hash=3af6e3c4a7dc8c97
ratchet_soopy/src/_3a_files.rs facts=138 interned=27 debug_hash=bad458b70c3be48b
ratchet_soopy/src/_4_worktree.rs facts=74 interned=16 debug_hash=bf57cff5aa631db2
ratchet_soopy/src/_4a_git_root.rs facts=183 interned=42 debug_hash=3833d7eade9dd964
ratchet_soopy/src/_5_git_tree.rs facts=36 interned=8 debug_hash=80aad6747770717d
ratchet_soopy/src/_5a_git_status.rs facts=559 interned=175 debug_hash=d6ab6c12463a63e9
ratchet_soopy/src/_6_git_batch.rs facts=132 interned=30 debug_hash=6cdd7ef4aa348a11
ratchet_soopy/src/_7_source_tree.rs facts=223 interned=49 debug_hash=ae37b16a1fa730ea
ratchet_soopy/src/_7a_spans.rs facts=281 interned=69 debug_hash=6354523654560e1a
ratchet_soopy/src/_7b_source_actions.rs facts=387 interned=110 debug_hash=0312c1111c886a66
ratchet_soopy/src/_7c_edit_producers.rs facts=233 interned=64 debug_hash=a6c67d2d96625317
ratchet_soopy/src/_7d_mutation_plan.rs facts=649 interned=216 debug_hash=003ad59a44baecb1
ratchet_soopy/src/_7e_stage_store.rs facts=694 interned=210 debug_hash=755bdf5a5a57f8c0
ratchet_soopy/src/_7f_commit.rs facts=933 interned=306 debug_hash=adbf7fb8733c1683
ratchet_soopy/src/_8_watch.rs facts=686 interned=181 debug_hash=58a9d93e8591e8a8
ratchet_soopy/src/_8a_watch_core.rs facts=75 interned=19 debug_hash=e9af675a84c42710
ratchet_soopy/src/_9_git_files.rs facts=188 interned=58 debug_hash=29a0d700647e7edb
ratchet_soopy/src/lib.rs facts=0 interned=0 debug_hash=cdd8859ceed88243
ratchet_soopy/src/main.rs facts=242 interned=63 debug_hash=0aa53c4a7c5f1c82
type_ladder/src/_0_types.rs facts=28 interned=7 debug_hash=b3b011ec6ae9d32f
type_ladder/src/_1_none.rs facts=61 interned=9 debug_hash=3ed2a6b29fba9fa0
type_ladder/src/_2_one.rs facts=75 interned=17 debug_hash=e9f9ac221935ba31
type_ladder/src/_3_many.rs facts=116 interned=30 debug_hash=7419c3bdedd6281c
type_ladder/src/_4_nested.rs facts=121 interned=30 debug_hash=9af1915d2b6c89bd
type_ladder/src/lib.rs facts=0 interned=0 debug_hash=cdd8859ceed88243
type_ladder_scope/src/_0_alias.rs facts=37 interned=6 debug_hash=6faef9a11bcba321
type_ladder_scope/src/_10_variant.rs facts=13 interned=3 debug_hash=0da07ef136d459cd
type_ladder_scope/src/_11_reexport.rs facts=4 interned=1 debug_hash=cdb12cbf0424ed0b
type_ladder_scope/src/_12_other.rs facts=12 interned=3 debug_hash=6ee223e1a8063f53
type_ladder_scope/src/_13_self.rs facts=21 interned=4 debug_hash=a79b9a02393ee407
type_ladder_scope/src/_14_turbofish.rs facts=8 interned=0 debug_hash=b2562103a6887737
type_ladder_scope/src/_15_residual.rs facts=47 interned=9 debug_hash=768d44129195c9e0
type_ladder_scope/src/_1_prelude.rs facts=46 interned=6 debug_hash=a2078e07095fc6ef
type_ladder_scope/src/_2_process.rs facts=4 interned=0 debug_hash=b9821f39050ca0c6
type_ladder_scope/src/_3_bridge.rs facts=0 interned=0 debug_hash=cdd8859ceed88243
type_ladder_scope/src/_5_generic.rs facts=21 interned=4 debug_hash=5064c0df81e70a8f
type_ladder_scope/src/_6_nested.rs facts=9 interned=2 debug_hash=97220b4b1f77528b
type_ladder_scope/src/_7_body.rs facts=4 interned=0 debug_hash=9cf74dfbe73c78e3
type_ladder_scope/src/_8_trait.rs facts=14 interned=3 debug_hash=29f56df637a65e85
type_ladder_scope/src/_9_assoc.rs facts=12 interned=4 debug_hash=7ec4b1925145b87a
type_ladder_scope/src/lib.rs facts=0 interned=0 debug_hash=cdd8859ceed88243
type_ladder_scope/src/main.rs facts=20 interned=2 debug_hash=7cc91b4757837ea0
