---
source: tests/178_ryi_help.rs
expression: snapshot
---
=== top (exit 0) ===
stdout:
ryi <PATH>...                      per-file facts from files, directories or globs
ryi capabilities                   declared languages, checkers and edit support
ryi schema                         JSONL record contract
ryi fast <PATH>...                 written cross-file call and type facts
ryi slow <PATH>...                 compiler and saved SCIP evidence
ryi scip <ROOT>                    raw SCIP facts or index records
ryi ingest <PATH>...               validated foreign TSI rows
ryi query --query <SCM> <PATH>...  captured syntax rows
ryi graph <question> <PATH>...     callers, type uses, paths or slices
ryi trail [N]                      recorded runs and their evidence
ryi diff --from <REV> --to <REV>   fact changes between revisions
ryi watch --root <DIR>             worktree fact deltas
ryi stratify --from <ENTRY>        dependency-first file ranks
ryi rename <FILE#OLD> <NEW>        bound occurrence edits, dry-run first
ryi move <OLD> <NEW>               file move and repaired import specifiers
ryi cleave <FILE#ITEM> <DEST>      item move with its imports and callers
ryi region <FILE> <ID>             generated-region drift or replacement
ryi help <verb|flags>              examples, verb flags or shared flags
stderr:
=== capabilities (exit 0) ===
stdout:
Usage: ryi capabilities
Declared language and tooling capabilities
e.g. ryi capabilities
stderr:
=== schema (exit 0) ===
stdout:
Usage: ryi schema
Print the output record schema
e.g. ryi schema
stderr:
=== fast (exit 0) ===
stdout:
Usage: ryi fast [OPTIONS] [PATH]...
Syntax-only whole-project facts (no compiler)
e.g. ryi fast src/
Input: --entry <FILE> --depth <N> --root <DIR> --lines
Flags: --fast-receivers <written> --pattern <GLOB> --sqlite <PATH>
stderr:
=== slow (exit 0) ===
stdout:
Usage: ryi slow [OPTIONS] [PATH]...
The SCIP oracle written as fast's tables
e.g. ryi slow --scip-index index.scip src/a.ts
Input: --entry <FILE> --depth <N> --root <DIR> --lines
Flags: --pattern <GLOB> --sqlite <PATH> --scip-index <FILE> --scip-timeout <SECS>
Switches: --no-checker
stderr:
=== scip (exit 0) ===
stdout:
Usage: ryi scip [OPTIONS] [PATH]...
Raw SCIP index rows
e.g. ryi scip --root . --raw
Input: --entry <FILE> --depth <N> --root <DIR> --lines
Flags: --pattern <GLOB> --sqlite <PATH> --scip-index <FILE> --scip-cache <DIR> --scip-timeout <SECS> --indexer <LANG> --records <KINDS>
Switches: --raw --occurrence-text --scip-build
stderr:
=== ingest (exit 0) ===
stdout:
Usage: ryi ingest [OPTIONS] <PATH>...
Validate and re-emit foreign TSI JSONL
e.g. ryi ingest rows.jsonl
Flags: --sqlite <PATH>
stderr:
=== query (exit 0) ===
stdout:
Usage: ryi query [OPTIONS] [PATH]...
Run a tree-sitter query over files
e.g. ryi query --query '(function_item name: (identifier) @n)' src/
Input: --entry <FILE> --depth <N> --root <DIR>
Flags: --pattern <GLOB> --lang <LANG> --query <QUERY> --scmpp <FILE> --digest <DIGEST> --sqlite <PATH> --timeout <SECS>
stderr:
=== graph (exit 0) ===
stdout:
Usage: ryi graph <QUESTION> [PATH]...
Ask one question of the resolved call/type graph
e.g. ryi graph --callers src/a.ts#slug --root . src/
  --callers <[PATH#]NAME>  incoming calls
  --uses <NAME>  type uses
  --from <[PATH#]NAME>  reachable set
  --call-path <[PATH#]NAME>  shortest call paths
  --type-path <[PATH#]NAME>  shortest type paths
Input: --entry <FILE> --depth <N> --root <DIR>
Flags: --fast-receivers <written> --pattern <GLOB> --flow-path <BLOB@START:END> --slice <PATH:BYTE> --sqlite <PATH> --timeout <SECS> --at <REV> --compare <REV> --scip-index <FILE>
Switches: --reverse --slow --rust-checker --ts-checker --go-checker
stderr:
=== trail (exit 0) ===
stdout:
Usage: ryi trail [N]
Print the last N runs from the trail
e.g. ryi trail 1
stderr:
=== diff (exit 0) ===
stdout:
Usage: ryi diff [OPTIONS] --from <REV> --to <REV>
Fact delta between two commits
e.g. ryi diff --from HEAD~1 --to HEAD --root .
Input: --root <DIR>
Flags: --from <REV> --to <REV> --pattern <GLOB> --arms <ARMS> --sqlite <PATH>
stderr:
=== watch (exit 0) ===
stdout:
Usage: ryi watch [OPTIONS]
Stream fact deltas as the worktree changes
e.g. ryi watch --root . --once
Input: --root <DIR>
Flags: --pattern <GLOB> --kinds <KINDS> --receipts <PATH> --poll-ms <POLL_MS>
Switches: --once
stderr:
=== stratify (exit 0) ===
stdout:
Usage: ryi stratify [OPTIONS] [PATH]...
Rank files from entrypoints and propose dependency-first numeric prefixes
e.g. ryi stratify --from src/main.ts --root . src/
Input: --entry <FILE> --depth <N> --root <DIR>
Flags: --pattern <GLOB> --from <PATH[:NAME][=RANK]> --base-lines <N> --kind <KIND>
stderr:
=== rename (exit 0) ===
stdout:
Usage: ryi rename [OPTIONS] [TARGET] [NEW]
Rename a symbol and every occurrence bound to it
e.g. ryi rename src/a.ts#slug slugged --root .
Input: --root <ROOT>
Flags: --list <LIST> --state <STATE> --at <AT> --verify-scip <INDEX>
Switches: --slow --commit --text-refs --no-scip-merge --json
stderr:
=== move (exit 0) ===
stdout:
Usage: ryi move [OPTIONS] [OLD] [NEW]
Move a file and repair every specifier that names it
e.g. ryi move src/a.ts src/b.ts --root .
Input: --root <ROOT>
Flags: --list <LIST> --verify-cwd <VERIFY_CWD> --state <STATE> --verify <VERIFY>
Switches: --commit --shim --relocate-mod --text-refs
stderr:
=== cleave (exit 0) ===
stdout:
Usage: ryi cleave [OPTIONS] [TARGET] [DEST]
Move one item into another file, with its imports
e.g. ryi cleave src/a.ts#slug src/slug.ts --root .
Input: --root <ROOT>
Flags: --list <LIST> --state <STATE> --verify <VERIFY>
Switches: --drag --slow --commit --text-refs --json
stderr:
=== region (exit 0) ===
stdout:
Usage: ryi region [OPTIONS] <TARGET> <ID>
Replace a generated region between sprefa markers
e.g. ryi region gen.rs demo --generated body.txt
Flags: --generated <GENERATED> --state <STATE>
Switches: --apply
stderr:
=== help (exit 0) ===
stdout:
Examples and shared flags

Usage: ryii help [topic]

Arguments:
  [topic]  [default: flags]

Options:
  -h, --help  Print help
stderr:
=== flags (exit 0) ===
stdout:
Usage: ryi [OPTIONS] [PATH]...
       ryi <COMMAND>
Source files -> flat graph facts (JSONL on stdout, or --sqlite)
e.g. ryi --lines src/
Input: --entry <FILE> --depth <N> --root <DIR> --lines
Flags: --fast-receivers <written> --pattern <GLOB> --kinds <KINDS> --arms <ARMS> --sqlite <PATH> --scip-index <FILE> --scip-timeout <SECS> --max-bytes <BYTES>
Switches: --bench --resolve --rust-checker --ts-checker --go-checker --scip-build --scip-deps --deps --package-deps --file-fact --witness

Global: --format jsonl
Logging: RUST_LOG; HAFLEY_LOG_FORMAT=json|text
SQLite: --resolve stores phase 1 per-file and phase 2 project rows; stdout streams phase 2 only. Every SQLite unresolved row has its path.
stderr:
=== bare (exit 2) ===
stdout:
stderr:
rust Rust workspace -> 'ryii' --sqlite 'facts-rust-_.db' '.'  |  'ryii' graph --callers main --root '.' '.'  |  'ryii' --root '.' --package-deps '.'
