---
source: tests/100_tsi_intersection.rs
expression: "(ts.shared.difference(&rust.shared).collect::<Vec<_>>(),\nrust.shared.difference(&ts.shared).collect::<Vec<_>>(),)"
---
[
  [
    [
      "tsi.argument",
      [
        "_",
        "#0",
        "_"
      ]
    ],
    [
      "tsi.argument",
      [
        "_",
        "#0",
        "number"
      ]
    ],
    [
      "tsi.assignable",
      [
        "User",
        "any",
        "structural"
      ]
    ],
    [
      "tsi.callable",
      [
        "_"
      ]
    ],
    [
      "tsi.called",
      [
        "Query",
        "_",
        "_"
      ]
    ],
    [
      "tsi.called",
      [
        "_",
        "User",
        "_"
      ]
    ],
    [
      "tsi.denotes",
      [
        "Mapper",
        "Mapper"
      ]
    ],
    [
      "tsi.denotes",
      [
        "Mapper",
        "any"
      ]
    ],
    [
      "tsi.denotes",
      [
        "Partial",
        "any"
      ]
    ],
    [
      "tsi.denotes",
      [
        "Query",
        "Query"
      ]
    ],
    [
      "tsi.denotes",
      [
        "T",
        "T"
      ]
    ],
    [
      "tsi.denotes",
      [
        "U",
        "U"
      ]
    ],
    [
      "tsi.denotes",
      [
        "User",
        "User"
      ]
    ],
    [
      "tsi.denotes",
      [
        "User",
        "any"
      ]
    ],
    [
      "tsi.denotes",
      [
        "map",
        "map"
      ]
    ],
    [
      "tsi.denotes",
      [
        "project",
        "_"
      ]
    ],
    [
      "tsi.edge",
      [
        "_",
        "Mapper",
        "seed",
        "T",
        "#0"
      ]
    ],
    [
      "tsi.edge",
      [
        "_",
        "Query",
        "id",
        "_",
        "#0"
      ]
    ],
    [
      "tsi.edge",
      [
        "_",
        "Query",
        "label",
        "_",
        "#2"
      ]
    ],
    [
      "tsi.edge",
      [
        "_",
        "Query",
        "map",
        "_",
        "#4"
      ]
    ],
    [
      "tsi.edge",
      [
        "_",
        "Query",
        "name",
        "_",
        "#1"
      ]
    ],
    [
      "tsi.edge",
      [
        "_",
        "Query",
        "seed",
        "_",
        "#3"
      ]
    ],
    [
      "tsi.edge",
      [
        "_",
        "User",
        "label",
        "string",
        "#2"
      ]
    ],
    [
      "tsi.edge",
      [
        "_",
        "User",
        "map",
        "map",
        "#4"
      ]
    ],
    [
      "tsi.edge",
      [
        "_",
        "User",
        "name",
        "_",
        "#1"
      ]
    ],
    [
      "tsi.edge",
      [
        "_",
        "User",
        "seed",
        "T",
        "#3"
      ]
    ],
    [
      "tsi.edge",
      [
        "_",
        "_",
        "0",
        "undefined",
        "#0"
      ]
    ],
    [
      "tsi.edge",
      [
        "_",
        "_",
        "1",
        "_",
        "#1"
      ]
    ],
    [
      "tsi.edge",
      [
        "_",
        "_",
        "1",
        "number",
        "#1"
      ]
    ],
    [
      "tsi.edge",
      [
        "_",
        "_",
        "1",
        "string",
        "#1"
      ]
    ],
    [
      "tsi.edge",
      [
        "_",
        "_",
        "id",
        "number",
        "#0"
      ]
    ],
    [
      "tsi.edge",
      [
        "_",
        "_",
        "label",
        "string",
        "#2"
      ]
    ],
    [
      "tsi.edge",
      [
        "_",
        "_",
        "map",
        "_",
        "#4"
      ]
    ],
    [
      "tsi.edge",
      [
        "_",
        "_",
        "name",
        "_",
        "#1"
      ]
    ],
    [
      "tsi.edge",
      [
        "_",
        "_",
        "seed",
        "number",
        "#3"
      ]
    ],
    [
      "tsi.input",
      [
        "_",
        "#0",
        "T"
      ]
    ],
    [
      "tsi.input",
      [
        "_",
        "#0",
        "_"
      ]
    ],
    [
      "tsi.input",
      [
        "_",
        "#0",
        "number"
      ]
    ],
    [
      "tsi.input",
      [
        "map",
        "#0",
        "_"
      ]
    ],
    [
      "tsi.name",
      [
        "Mapper",
        "Mapper<T>"
      ]
    ],
    [
      "tsi.name",
      [
        "Partial",
        "Partial"
      ]
    ],
    [
      "tsi.name",
      [
        "Query",
        "Partial<User<number>>"
      ]
    ],
    [
      "tsi.name",
      [
        "Query",
        "Query"
      ]
    ],
    [
      "tsi.name",
      [
        "U",
        "U"
      ]
    ],
    [
      "tsi.name",
      [
        "User",
        "User<T>"
      ]
    ],
    [
      "tsi.name",
      [
        "_",
        "(<U>(project: (element: number) => U) => U) | undefined"
      ]
    ],
    [
      "tsi.name",
      [
        "_",
        "(element: T) => U"
      ]
    ],
    [
      "tsi.name",
      [
        "_",
        "(element: number) => U"
      ]
    ],
    [
      "tsi.name",
      [
        "_",
        "<U>(project: (element: number) => U) => U"
      ]
    ],
    [
      "tsi.name",
      [
        "_",
        "Partial<T>"
      ]
    ],
    [
      "tsi.name",
      [
        "_",
        "U"
      ]
    ],
    [
      "tsi.name",
      [
        "_",
        "User<number>"
      ]
    ],
    [
      "tsi.name",
      [
        "_",
        "number | undefined"
      ]
    ],
    [
      "tsi.name",
      [
        "_",
        "string | undefined"
      ]
    ],
    [
      "tsi.name",
      [
        "any",
        "any"
      ]
    ],
    [
      "tsi.name",
      [
        "map",
        "<U>(project: (element: T) => U) => U"
      ]
    ],
    [
      "tsi.name",
      [
        "number",
        "number"
      ]
    ],
    [
      "tsi.name",
      [
        "project",
        "project"
      ]
    ],
    [
      "tsi.name",
      [
        "string",
        "string"
      ]
    ],
    [
      "tsi.name",
      [
        "undefined",
        "undefined"
      ]
    ],
    [
      "tsi.output",
      [
        "_",
        "#0",
        "U"
      ]
    ],
    [
      "tsi.output",
      [
        "_",
        "#0",
        "_"
      ]
    ],
    [
      "tsi.output",
      [
        "map",
        "#0",
        "U"
      ]
    ],
    [
      "tsi.parameter",
      [
        "U",
        "map",
        "#0",
        "unspecified"
      ]
    ],
    [
      "tsi.parameter",
      [
        "_",
        "_",
        "#0",
        "unspecified"
      ]
    ],
    [
      "tsi.primitive",
      [
        "any",
        "any"
      ]
    ],
    [
      "tsi.primitive",
      [
        "number",
        "number"
      ]
    ],
    [
      "tsi.primitive",
      [
        "string",
        "string"
      ]
    ],
    [
      "tsi.primitive",
      [
        "undefined",
        "undefined"
      ]
    ],
    [
      "tsi.product",
      [
        "Mapper"
      ]
    ],
    [
      "tsi.product",
      [
        "Query"
      ]
    ],
    [
      "tsi.product",
      [
        "_"
      ]
    ],
    [
      "tsi.product",
      [
        "map"
      ]
    ],
    [
      "tsi.sum",
      [
        "_"
      ]
    ],
    [
      "tsi.symbol",
      [
        "Mapper"
      ]
    ],
    [
      "tsi.symbol",
      [
        "Partial"
      ]
    ],
    [
      "tsi.symbol",
      [
        "Query"
      ]
    ],
    [
      "tsi.symbol",
      [
        "T"
      ]
    ],
    [
      "tsi.symbol",
      [
        "U"
      ]
    ],
    [
      "tsi.symbol",
      [
        "User"
      ]
    ],
    [
      "tsi.symbol",
      [
        "map"
      ]
    ],
    [
      "tsi.symbol",
      [
        "project"
      ]
    ],
    [
      "tsi.type",
      [
        "Query"
      ]
    ],
    [
      "tsi.type",
      [
        "U"
      ]
    ],
    [
      "tsi.type",
      [
        "any"
      ]
    ],
    [
      "tsi.type",
      [
        "number"
      ]
    ],
    [
      "tsi.type",
      [
        "string"
      ]
    ],
    [
      "tsi.type",
      [
        "undefined"
      ]
    ]
  ],
  [
    [
      "tsi.argument",
      [
        "_",
        "#0",
        "String"
      ]
    ],
    [
      "tsi.argument",
      [
        "_",
        "#0",
        "T"
      ]
    ],
    [
      "tsi.argument",
      [
        "_",
        "#0",
        "u32"
      ]
    ],
    [
      "tsi.argument",
      [
        "_",
        "#1",
        "Global"
      ]
    ],
    [
      "tsi.called",
      [
        "Option",
        "Option",
        "_"
      ]
    ],
    [
      "tsi.called",
      [
        "User",
        "User",
        "_"
      ]
    ],
    [
      "tsi.called",
      [
        "Vec",
        "Vec",
        "_"
      ]
    ],
    [
      "tsi.conforms",
      [
        "User",
        "Mapper",
        "declared"
      ]
    ],
    [
      "tsi.denotes",
      [
        "_",
        "Mapper"
      ]
    ],
    [
      "tsi.denotes",
      [
        "_",
        "Shape"
      ]
    ],
    [
      "tsi.denotes",
      [
        "_",
        "User"
      ]
    ],
    [
      "tsi.denotes",
      [
        "_",
        "View"
      ]
    ],
    [
      "tsi.denotes",
      [
        "_",
        "map"
      ]
    ],
    [
      "tsi.edge",
      [
        "_",
        "Circle",
        "0",
        "f64",
        "#0"
      ]
    ],
    [
      "tsi.edge",
      [
        "_",
        "Shape",
        "Circle",
        "Circle",
        "#0"
      ]
    ],
    [
      "tsi.edge",
      [
        "_",
        "Shape",
        "Square",
        "Square",
        "#1"
      ]
    ],
    [
      "tsi.edge",
      [
        "_",
        "Square",
        "side",
        "f64",
        "#0"
      ]
    ],
    [
      "tsi.edge",
      [
        "_",
        "T",
        "bound",
        "Sized",
        "#0"
      ]
    ],
    [
      "tsi.edge",
      [
        "_",
        "User",
        "name",
        "Option",
        "#1"
      ]
    ],
    [
      "tsi.edge",
      [
        "_",
        "View",
        "owned",
        "User",
        "#1"
      ]
    ],
    [
      "tsi.edge",
      [
        "_",
        "View",
        "shared",
        "View",
        "#2"
      ]
    ],
    [
      "tsi.edge",
      [
        "_",
        "View",
        "text",
        "str",
        "#0"
      ]
    ],
    [
      "tsi.input",
      [
        "map",
        "#0",
        "T"
      ]
    ],
    [
      "tsi.name",
      [
        "Circle",
        "Circle"
      ]
    ],
    [
      "tsi.name",
      [
        "Global",
        "Global"
      ]
    ],
    [
      "tsi.name",
      [
        "Option",
        "Option"
      ]
    ],
    [
      "tsi.name",
      [
        "Option",
        "Option<String>"
      ]
    ],
    [
      "tsi.name",
      [
        "Output",
        "Output"
      ]
    ],
    [
      "tsi.name",
      [
        "Shape",
        "Shape"
      ]
    ],
    [
      "tsi.name",
      [
        "Sized",
        "Sized"
      ]
    ],
    [
      "tsi.name",
      [
        "Square",
        "Square"
      ]
    ],
    [
      "tsi.name",
      [
        "String",
        "String"
      ]
    ],
    [
      "tsi.name",
      [
        "User",
        "User<u32>"
      ]
    ],
    [
      "tsi.name",
      [
        "Vec",
        "Vec"
      ]
    ],
    [
      "tsi.name",
      [
        "Vec",
        "Vec<T, Global>"
      ]
    ],
    [
      "tsi.name",
      [
        "View",
        "View"
      ]
    ],
    [
      "tsi.name",
      [
        "_",
        "<Self as Mapper<T>>::Output"
      ]
    ],
    [
      "tsi.name",
      [
        "_",
        "<User<T> as Mapper<T>>::Output"
      ]
    ],
    [
      "tsi.name",
      [
        "_",
        "Mapper"
      ]
    ],
    [
      "tsi.name",
      [
        "_",
        "Shape"
      ]
    ],
    [
      "tsi.name",
      [
        "_",
        "User"
      ]
    ],
    [
      "tsi.name",
      [
        "_",
        "View"
      ]
    ],
    [
      "tsi.name",
      [
        "_",
        "map"
      ]
    ],
    [
      "tsi.name",
      [
        "f64",
        "f64"
      ]
    ],
    [
      "tsi.name",
      [
        "str",
        "str"
      ]
    ],
    [
      "tsi.name",
      [
        "u32",
        "u32"
      ]
    ],
    [
      "tsi.output",
      [
        "map",
        "#0",
        "_"
      ]
    ],
    [
      "tsi.primitive",
      [
        "f64",
        "f64"
      ]
    ],
    [
      "tsi.primitive",
      [
        "str",
        "str"
      ]
    ],
    [
      "tsi.primitive",
      [
        "u32",
        "u32"
      ]
    ],
    [
      "tsi.product",
      [
        "Circle"
      ]
    ],
    [
      "tsi.product",
      [
        "Square"
      ]
    ],
    [
      "tsi.product",
      [
        "View"
      ]
    ],
    [
      "tsi.sum",
      [
        "Shape"
      ]
    ],
    [
      "tsi.symbol",
      [
        "_"
      ]
    ],
    [
      "tsi.type",
      [
        "Circle"
      ]
    ],
    [
      "tsi.type",
      [
        "Global"
      ]
    ],
    [
      "tsi.type",
      [
        "Option"
      ]
    ],
    [
      "tsi.type",
      [
        "Output"
      ]
    ],
    [
      "tsi.type",
      [
        "Shape"
      ]
    ],
    [
      "tsi.type",
      [
        "Sized"
      ]
    ],
    [
      "tsi.type",
      [
        "Square"
      ]
    ],
    [
      "tsi.type",
      [
        "String"
      ]
    ],
    [
      "tsi.type",
      [
        "Vec"
      ]
    ],
    [
      "tsi.type",
      [
        "View"
      ]
    ],
    [
      "tsi.type",
      [
        "f64"
      ]
    ],
    [
      "tsi.type",
      [
        "str"
      ]
    ],
    [
      "tsi.type",
      [
        "u32"
      ]
    ]
  ]
]
