---
source: tests/199_v5_labeled_break.rs
expression: rows
---
arg 186:202 pos 0 <- var_read 194:201 outcome @orchestrate
direct break 141:163 -> loop 99:180
direct call_res 154:163 -> break 141:163
direct var_read 194:201 -> call_res 186:202
direct lit 22:23 -> ret 22:23
direct let_bind 89:96 -> var_read 194:201
direct loop 99:180 -> let_bind 89:96
node loop 122:174 - @orchestrate
node break 141:163 - @orchestrate
node call_res 154:163 - @orchestrate
node call_res 186:202 - @orchestrate
node var_read 194:201 outcome @orchestrate
node lit 22:23 - @produce
node ret 22:23 - @produce
node param 37:42 value @consume
node param 67:71 flag @orchestrate
node let_bind 89:96 outcome @orchestrate
node loop 99:180 - @orchestrate
param param 37:42 value @consume pos 0
param param 67:71 flag @orchestrate pos 0
