---
source: tests/205_deferred_jsx.rs
expression: "projected.join(\"\\n\\n\")"
---
16_direct_vs_jsx.tsx
arg 120:138 pos 0 <- var_read 121:125 - @App::closure::120
arg 91:107 pos 0 <- new 96:106 - @App
field 126:135 title <- var_read 133:134 x @App
field 96:106 title <- var_read 104:105 x @App
direct var_read 104:105 -> new 96:106
direct call_res 120:138 -> ret 120:138
direct closure 120:138 -> ret 113:139
direct var_read 121:125 -> call_res 120:138
direct new 126:135 -> var_read 121:125
direct var_read 133:134 -> new 126:135
direct param 15:20 -> var_read 37:42
direct var_read 37:42 -> ret 30:43
direct param 59:68 -> var_read 104:105
direct param 59:68 -> var_read 133:134
direct call_res 91:107 -> let_bind 82:107
direct new 96:106 -> call_res 91:107
node var_read 104:105 x @App
node ret 113:139 - @App
node call_res 120:138 - @App::closure::120
node closure 120:138 16_direct_vs_jsx.tsx::function::App::closure::120 @App
node ret 120:138 - @App::closure::120
node var_read 121:125 - @App::closure::120
node new 126:135 - @App
node var_read 133:134 x @App
node param 15:20 title @Card
node ret 30:43 - @Card
node var_read 37:42 title @Card
node param 59:68 x @App
node let_bind 82:107 direct @App
node call_res 91:107 - @App
node new 96:106 - @App
param param 15:20 title @Card pos 0
param param 59:68 x @App pos 0
arg_to_param var_read 104:105 x @App -> param 15:20 title @Card
arg_to_param var_read 133:134 x @App -> param 15:20 title @Card
lambda_elem new 126:135 - @App -> var_read 121:125 - @App::closure::120
lambda_ret call_res 120:138 - @App::closure::120 | closure 120:138 16_direct_vs_jsx.tsx::function::App::closure::120 @App | ret 120:138 - @App::closure::120 -> call_res 120:138 - @App::closure::120 | closure 120:138 16_direct_vs_jsx.tsx::function::App::closure::120 @App | ret 120:138 - @App::closure::120
ret_to_call_res ret 30:43 - @Card -> call_res 120:138 - @App::closure::120 | closure 120:138 16_direct_vs_jsx.tsx::function::App::closure::120 @App | ret 120:138 - @App::closure::120
ret_to_call_res ret 30:43 - @Card -> call_res 91:107 - @App

17_other_object.tsx
arg 95:113 pos 0 <- var_read 96:100 - @App::closure::95
field 101:110 title <- var_read 108:109 x @App
direct new 101:110 -> var_read 96:100
direct var_read 108:109 -> new 101:110
direct param 26:36 -> var_read 47:52
direct var_read 47:52 -> member 47:58
direct member 47:58 -> ret 40:59
direct param 75:84 -> var_read 108:109
direct call_res 95:113 -> ret 95:113
direct closure 95:113 -> ret 88:114
direct var_read 96:100 -> call_res 95:113
node new 101:110 - @App
node var_read 108:109 x @App
node param 14:24 props @Card
node param 26:36 other @Card
node ret 40:59 - @Card
node var_read 47:52 other @Card
node member 47:58 title @Card
node param 75:84 x @App
node ret 88:114 - @App
node call_res 95:113 - @App::closure::95
node closure 95:113 17_other_object.tsx::function::App::closure::95 @App
node ret 95:113 - @App::closure::95
node var_read 96:100 - @App::closure::95
param param 14:24 props @Card pos 0
param param 26:36 other @Card pos 1
param param 75:84 x @App pos 0
arg_to_param var_read 96:100 - @App::closure::95 -> param 14:24 props @Card
lambda_elem new 101:110 - @App -> var_read 96:100 - @App::closure::95
lambda_ret call_res 95:113 - @App::closure::95 | closure 95:113 17_other_object.tsx::function::App::closure::95 @App | ret 95:113 - @App::closure::95 -> call_res 95:113 - @App::closure::95 | closure 95:113 17_other_object.tsx::function::App::closure::95 @App | ret 95:113 - @App::closure::95
ret_to_call_res ret 40:59 - @Card -> call_res 95:113 - @App::closure::95 | closure 95:113 17_other_object.tsx::function::App::closure::95 @App | ret 95:113 - @App::closure::95

18_second_scope.tsx
arg 160:178 pos 0 <- var_read 161:165 - @App::closure::160
field 166:175 title <- var_read 173:174 x @App
direct var_read 101:106 -> ret 101:106
direct var_read 119:123 -> ret 112:124
direct param 140:149 -> var_read 173:174
direct param 15:20 -> var_read 37:42
direct call_res 160:178 -> ret 160:178
direct closure 160:178 -> ret 153:179
direct var_read 161:165 -> call_res 160:178
direct new 166:175 -> var_read 161:165
direct var_read 173:174 -> new 166:175
direct var_read 37:42 -> ret 30:43
direct param 85:90 -> var_read 101:106
node ret 101:106 - @Card
node var_read 101:106 title @Card
node ret 112:124 - @Hidden
node var_read 119:123 Card @Hidden
node param 140:149 x @App
node param 15:20 title @Card
node ret 153:179 - @App
node call_res 160:178 - @App::closure::160
node closure 160:178 18_second_scope.tsx::function::App::closure::160 @App
node ret 160:178 - @App::closure::160
node var_read 161:165 - @App::closure::160
node new 166:175 - @App
node var_read 173:174 x @App
node ret 30:43 - @Card
node var_read 37:42 title @Card
node param 85:90 title @Card
param param 140:149 x @App pos 0
param param 15:20 title @Card pos 0
param param 85:90 title @Card pos 0
arg_to_param var_read 173:174 x @App -> param 15:20 title @Card
lambda_elem new 166:175 - @App -> var_read 161:165 - @App::closure::160
lambda_ret call_res 160:178 - @App::closure::160 | closure 160:178 18_second_scope.tsx::function::App::closure::160 @App | ret 160:178 - @App::closure::160 -> call_res 160:178 - @App::closure::160 | closure 160:178 18_second_scope.tsx::function::App::closure::160 @App | ret 160:178 - @App::closure::160
ret_to_call_res ret 30:43 - @Card -> call_res 160:178 - @App::closure::160 | closure 160:178 18_second_scope.tsx::function::App::closure::160 @App | ret 160:178 - @App::closure::160

19_eager_hook.tsx
arg 125:182 pos 0 <- var_read 126:130 - @App::closure::125
arg 154:164 pos 0 <- var_read 162:163 x @App
field 131:185 .. <- new 170:180 - @App
field 131:185 children <- lit 182:185 - @App
field 131:185 title <- call_res 154:164 - @App
field 170:180 extra <- var_read 178:179 x @App
lit lit 135:138 - @App "k"
lit lit 182:185 - @App "kid"
direct param 101:110 -> var_read 144:145
direct param 101:110 -> var_read 162:163
direct param 101:110 -> var_read 178:179
direct call_res 125:182 -> ret 125:182
direct closure 125:192 -> ret 118:193
direct var_read 126:130 -> call_res 125:182
direct new 131:185 -> var_read 126:130
direct call_res 154:164 -> new 131:185
direct var_read 162:163 -> call_res 154:164
direct param 17:26 -> var_read 37:38
direct new 170:180 -> new 131:185
direct var_read 178:179 -> new 170:180
direct lit 182:185 -> new 131:185
direct var_read 37:38 -> ret 30:39
direct param 57:62 -> var_read 79:84
direct var_read 79:84 -> ret 72:85
node param 101:110 x @App
node ret 118:193 - @App
node call_res 125:182 - @App::closure::125
node ret 125:182 - @App::closure::125
node closure 125:192 19_eager_hook.tsx::function::App::closure::125 @App
node var_read 126:130 - @App::closure::125
node new 131:185 - @App
node lit 135:138 - @App
node var_read 144:145 x @App
node call_res 154:164 - @App
node var_read 162:163 x @App
node param 17:26 x @useHook
node new 170:180 - @App
node var_read 178:179 x @App
node lit 182:185 - @App
node ret 30:39 - @useHook
node var_read 37:38 x @useHook
node param 57:62 title @Card
node ret 72:85 - @Card
node var_read 79:84 title @Card
param param 101:110 x @App pos 0
param param 17:26 x @useHook pos 0
param param 57:62 title @Card pos 0
arg_to_param call_res 154:164 - @App -> param 57:62 title @Card
arg_to_param var_read 162:163 x @App -> param 17:26 x @useHook
lambda_elem new 131:185 - @App -> var_read 126:130 - @App::closure::125
lambda_ret call_res 125:182 - @App::closure::125 | ret 125:182 - @App::closure::125 -> closure 125:192 19_eager_hook.tsx::function::App::closure::125 @App
ret_to_call_res ret 72:85 - @Card -> call_res 125:182 - @App::closure::125 | ret 125:182 - @App::closure::125
ret_to_call_res ret 30:39 - @useHook -> call_res 154:164 - @App

20_capture.ts
arg 91:111 pos 0 <- closure 99:110 20_capture.ts::function::outer::closure::99 @outer
direct var_read 105:110 -> ret 105:110
direct call_res 44:48 -> ret 37:49
direct param 67:80 -> var_read 105:110
direct call_res 91:111 -> ret 84:112
direct closure 99:110 -> call_res 91:111
node ret 105:110 - @outer::closure::99
node var_read 105:110 value @outer::closure::99
node param 17:33 fn @consume
node ret 37:49 - @consume
node call_res 44:48 - @consume
node param 67:80 value @outer
node ret 84:112 - @outer
node call_res 91:111 - @outer
node closure 99:110 20_capture.ts::function::outer::closure::99 @outer
param param 17:33 fn @consume pos 0
param param 67:80 value @outer pos 0
arg_to_param closure 99:110 20_capture.ts::function::outer::closure::99 @outer -> param 17:33 fn @consume
lambda_elem param 67:80 value @outer -> ret 105:110 - @outer::closure::99 | var_read 105:110 value @outer::closure::99
lambda_ret ret 105:110 - @outer::closure::99 | var_read 105:110 value @outer::closure::99 -> closure 99:110 20_capture.ts::function::outer::closure::99 @outer
ret_to_call_res ret 37:49 - @consume -> call_res 91:111 - @outer

21_capture.rs
arg 57:73 pos 0 <- closure 64:72 21_capture.rs::function::outer::closure::2_30 @outer
direct param 43:48 -> var_read 67:72
direct closure 64:72 -> call_res 57:73
direct var_read 67:72 -> ret 67:72
node param 10:11 f @use_up
node param 43:48 value @outer
node call_res 57:73 - @outer
node closure 64:72 21_capture.rs::function::outer::closure::2_30 @outer
node ret 67:72 - @outer::closure::2_30
node var_read 67:72 value @outer::closure::2_30
param param 10:11 f @use_up pos 0
param param 43:48 value @outer pos 0
arg_to_param closure 64:72 21_capture.rs::function::outer::closure::2_30 @outer -> param 10:11 f @use_up
lambda_elem param 43:48 value @outer -> ret 67:72 - @outer::closure::2_30 | var_read 67:72 value @outer::closure::2_30
lambda_ret ret 67:72 - @outer::closure::2_30 | var_read 67:72 value @outer::closure::2_30 -> closure 64:72 21_capture.rs::function::outer::closure::2_30 @outer
