---
source: tests/201_v5_owners.rs
expression: output
---
[
  [
    "1_widget.ts",
    [
      {
        "record": "arg",
        "family": "df",
        "call": {
          "start": 129,
          "end": 141
        },
        "pos": 0,
        "arg": {
          "start": 136,
          "end": 140
        }
      },
      {
        "record": "edge",
        "family": "df",
        "kind": "direct",
        "from": {
          "start": 121,
          "end": 141
        },
        "from_kind": "let_bind",
        "to": {
          "start": 158,
          "end": 163
        },
        "to_kind": "var_read"
      },
      {
        "record": "edge",
        "family": "df",
        "kind": "direct",
        "from": {
          "start": 129,
          "end": 141
        },
        "from_kind": "call_res",
        "to": {
          "start": 121,
          "end": 141
        },
        "to_kind": "let_bind"
      },
      {
        "record": "edge",
        "family": "df",
        "kind": "direct",
        "from": {
          "start": 136,
          "end": 140
        },
        "from_kind": "var_read",
        "to": {
          "start": 129,
          "end": 141
        },
        "to_kind": "call_res"
      },
      {
        "record": "edge",
        "family": "df",
        "kind": "direct",
        "from": {
          "start": 158,
          "end": 163
        },
        "from_kind": "var_read",
        "to": {
          "start": 151,
          "end": 164
        },
        "to_kind": "ret"
      },
      {
        "record": "edge",
        "family": "df",
        "kind": "direct",
        "from": {
          "start": 16,
          "end": 29
        },
        "from_kind": "param",
        "to": {
          "start": 48,
          "end": 53
        },
        "to_kind": "var_read"
      },
      {
        "record": "edge",
        "family": "df",
        "kind": "direct",
        "from": {
          "start": 48,
          "end": 53
        },
        "from_kind": "var_read",
        "to": {
          "start": 41,
          "end": 54
        },
        "to_kind": "ret"
      },
      {
        "record": "edge",
        "family": "df",
        "kind": "direct",
        "from": {
          "start": 83,
          "end": 95
        },
        "from_kind": "param",
        "to": {
          "start": 136,
          "end": 140
        },
        "to_kind": "var_read"
      },
      {
        "record": "node",
        "family": "df",
        "span": {
          "start": 121,
          "end": 141
        },
        "kind": "let_bind",
        "name": "label",
        "function": "Widget.render"
      },
      {
        "record": "node",
        "family": "df",
        "span": {
          "start": 129,
          "end": 141
        },
        "kind": "call_res",
        "name": null,
        "function": "Widget.render"
      },
      {
        "record": "node",
        "family": "df",
        "span": {
          "start": 136,
          "end": 140
        },
        "kind": "var_read",
        "name": "name",
        "function": "Widget.render"
      },
      {
        "record": "node",
        "family": "df",
        "span": {
          "start": 151,
          "end": 164
        },
        "kind": "ret",
        "name": null,
        "function": "Widget.render"
      },
      {
        "record": "node",
        "family": "df",
        "span": {
          "start": 158,
          "end": 163
        },
        "kind": "var_read",
        "name": "label",
        "function": "Widget.render"
      },
      {
        "record": "node",
        "family": "df",
        "span": {
          "start": 16,
          "end": 29
        },
        "kind": "param",
        "name": "value",
        "function": "format"
      },
      {
        "record": "node",
        "family": "df",
        "span": {
          "start": 41,
          "end": 54
        },
        "kind": "ret",
        "name": null,
        "function": "format"
      },
      {
        "record": "node",
        "family": "df",
        "span": {
          "start": 48,
          "end": 53
        },
        "kind": "var_read",
        "name": "value",
        "function": "format"
      },
      {
        "record": "node",
        "family": "df",
        "span": {
          "start": 83,
          "end": 95
        },
        "kind": "param",
        "name": "name",
        "function": "Widget.render"
      },
      {
        "record": "param",
        "family": "df",
        "span": {
          "start": 16,
          "end": 29
        },
        "pos": 0
      },
      {
        "record": "param",
        "family": "df",
        "span": {
          "start": 83,
          "end": 95
        },
        "pos": 0
      }
    ]
  ],
  [
    "2_loop.rs",
    [
      {
        "record": "arg",
        "family": "df",
        "call": {
          "start": 136,
          "end": 151
        },
        "pos": 0,
        "arg": {
          "start": 146,
          "end": 150
        }
      },
      {
        "record": "df_allocates",
        "family": "df",
        "owner": {
          "start": 3,
          "end": 53
        }
      },
      {
        "record": "df_loop",
        "family": "df",
        "span": {
          "start": 97,
          "end": 180
        },
        "var": "item",
        "collection": "rules"
      },
      {
        "record": "df_nest",
        "family": "df",
        "call": {
          "start": 136,
          "end": 151
        },
        "loop": {
          "start": 97,
          "end": 180
        },
        "depth": 1,
        "collection": null
      },
      {
        "record": "edge",
        "family": "df",
        "kind": "direct",
        "from": {
          "start": 109,
          "end": 114
        },
        "from_kind": "var_read",
        "to": {
          "start": 101,
          "end": 105
        },
        "to_kind": "let_bind"
      },
      {
        "record": "edge",
        "family": "df",
        "kind": "direct",
        "from": {
          "start": 129,
          "end": 133
        },
        "from_kind": "let_bind",
        "to": {
          "start": 169,
          "end": 173
        },
        "to_kind": "var_read"
      },
      {
        "record": "edge",
        "family": "df",
        "kind": "direct",
        "from": {
          "start": 136,
          "end": 151
        },
        "from_kind": "call_res",
        "to": {
          "start": 129,
          "end": 133
        },
        "to_kind": "let_bind"
      },
      {
        "record": "edge",
        "family": "df",
        "kind": "direct",
        "from": {
          "start": 146,
          "end": 150
        },
        "from_kind": "var_read",
        "to": {
          "start": 136,
          "end": 151
        },
        "to_kind": "call_res"
      },
      {
        "record": "edge",
        "family": "df",
        "kind": "direct",
        "from": {
          "start": 41,
          "end": 51
        },
        "from_kind": "call_res",
        "to": {
          "start": 41,
          "end": 51
        },
        "to_kind": "ret"
      },
      {
        "record": "edge",
        "family": "df",
        "kind": "direct",
        "from": {
          "start": 62,
          "end": 67
        },
        "from_kind": "param",
        "to": {
          "start": 109,
          "end": 114
        },
        "to_kind": "var_read"
      },
      {
        "record": "edge",
        "family": "df",
        "kind": "direct",
        "from": {
          "start": 77,
          "end": 81
        },
        "from_kind": "param",
        "to": {
          "start": 146,
          "end": 150
        },
        "to_kind": "var_read"
      },
      {
        "record": "edge",
        "family": "df",
        "kind": "direct",
        "from": {
          "start": 97,
          "end": 180
        },
        "from_kind": "loop",
        "to": {
          "start": 97,
          "end": 180
        },
        "to_kind": "ret"
      },
      {
        "record": "node",
        "family": "df",
        "span": {
          "start": 101,
          "end": 105
        },
        "kind": "let_bind",
        "name": "item",
        "function": "work"
      },
      {
        "record": "node",
        "family": "df",
        "span": {
          "start": 109,
          "end": 114
        },
        "kind": "var_read",
        "name": "rules",
        "function": "work"
      },
      {
        "record": "node",
        "family": "df",
        "span": {
          "start": 129,
          "end": 133
        },
        "kind": "let_bind",
        "name": "rels",
        "function": "work"
      },
      {
        "record": "node",
        "family": "df",
        "span": {
          "start": 13,
          "end": 17
        },
        "kind": "param",
        "name": "prog",
        "function": "make_rels"
      },
      {
        "record": "node",
        "family": "df",
        "span": {
          "start": 136,
          "end": 151
        },
        "kind": "call_res",
        "name": null,
        "function": "work"
      },
      {
        "record": "node",
        "family": "df",
        "span": {
          "start": 146,
          "end": 150
        },
        "kind": "var_read",
        "name": "prog",
        "function": "work"
      },
      {
        "record": "node",
        "family": "df",
        "span": {
          "start": 169,
          "end": 173
        },
        "kind": "var_read",
        "name": "rels",
        "function": "work"
      },
      {
        "record": "node",
        "family": "df",
        "span": {
          "start": 41,
          "end": 51
        },
        "kind": "call_res",
        "name": null,
        "function": "make_rels"
      },
      {
        "record": "node",
        "family": "df",
        "span": {
          "start": 41,
          "end": 51
        },
        "kind": "ret",
        "name": null,
        "function": "make_rels"
      },
      {
        "record": "node",
        "family": "df",
        "span": {
          "start": 62,
          "end": 67
        },
        "kind": "param",
        "name": "rules",
        "function": "work"
      },
      {
        "record": "node",
        "family": "df",
        "span": {
          "start": 77,
          "end": 81
        },
        "kind": "param",
        "name": "prog",
        "function": "work"
      },
      {
        "record": "node",
        "family": "df",
        "span": {
          "start": 97,
          "end": 180
        },
        "kind": "loop",
        "name": "item",
        "function": "work"
      },
      {
        "record": "node",
        "family": "df",
        "span": {
          "start": 97,
          "end": 180
        },
        "kind": "ret",
        "name": null,
        "function": "work"
      },
      {
        "record": "param",
        "family": "df",
        "span": {
          "start": 13,
          "end": 17
        },
        "pos": 0
      },
      {
        "record": "param",
        "family": "df",
        "span": {
          "start": 62,
          "end": 67
        },
        "pos": 0
      },
      {
        "record": "param",
        "family": "df",
        "span": {
          "start": 77,
          "end": 81
        },
        "pos": 1
      }
    ]
  ],
  [
    "3_closures.ts",
    [
      {
        "record": "arg",
        "family": "df",
        "call": {
          "start": 78,
          "end": 89
        },
        "pos": 0,
        "arg": {
          "start": 83,
          "end": 88
        }
      },
      {
        "record": "edge",
        "family": "df",
        "kind": "direct",
        "from": {
          "start": 15,
          "end": 28
        },
        "from_kind": "param",
        "to": {
          "start": 83,
          "end": 88
        },
        "to_kind": "var_read"
      },
      {
        "record": "edge",
        "family": "df",
        "kind": "direct",
        "from": {
          "start": 46,
          "end": 59
        },
        "from_kind": "param",
        "to": {
          "start": 64,
          "end": 69
        },
        "to_kind": "var_read"
      },
      {
        "record": "edge",
        "family": "df",
        "kind": "direct",
        "from": {
          "start": 64,
          "end": 69
        },
        "from_kind": "var_read",
        "to": {
          "start": 64,
          "end": 69
        },
        "to_kind": "ret"
      },
      {
        "record": "edge",
        "family": "df",
        "kind": "direct",
        "from": {
          "start": 78,
          "end": 89
        },
        "from_kind": "call_res",
        "to": {
          "start": 71,
          "end": 90
        },
        "to_kind": "ret"
      },
      {
        "record": "edge",
        "family": "df",
        "kind": "direct",
        "from": {
          "start": 83,
          "end": 88
        },
        "from_kind": "var_read",
        "to": {
          "start": 78,
          "end": 89
        },
        "to_kind": "call_res"
      },
      {
        "record": "node",
        "family": "df",
        "span": {
          "start": 15,
          "end": 28
        },
        "kind": "param",
        "name": "value",
        "function": "outer"
      },
      {
        "record": "node",
        "family": "df",
        "span": {
          "start": 46,
          "end": 59
        },
        "kind": "param",
        "name": "inner",
        "function": "read"
      },
      {
        "record": "node",
        "family": "df",
        "span": {
          "start": 64,
          "end": 69
        },
        "kind": "ret",
        "name": null,
        "function": "read"
      },
      {
        "record": "node",
        "family": "df",
        "span": {
          "start": 64,
          "end": 69
        },
        "kind": "var_read",
        "name": "inner",
        "function": "read"
      },
      {
        "record": "node",
        "family": "df",
        "span": {
          "start": 71,
          "end": 90
        },
        "kind": "ret",
        "name": null,
        "function": "outer"
      },
      {
        "record": "node",
        "family": "df",
        "span": {
          "start": 78,
          "end": 89
        },
        "kind": "call_res",
        "name": null,
        "function": "outer"
      },
      {
        "record": "node",
        "family": "df",
        "span": {
          "start": 83,
          "end": 88
        },
        "kind": "var_read",
        "name": "value",
        "function": "outer"
      },
      {
        "record": "param",
        "family": "df",
        "span": {
          "start": 15,
          "end": 28
        },
        "pos": 0
      },
      {
        "record": "param",
        "family": "df",
        "span": {
          "start": 46,
          "end": 59
        },
        "pos": 0
      }
    ]
  ]
]
