---
source: tests/201_v5_owners.rs
expression: "output.join(\"\\n\\n\")"
---
1_widget.ts
arg 129:141 pos 0 <- var_read 136:140 name @Widget.render
direct let_bind 121:141 -> var_read 158:163
direct call_res 129:141 -> let_bind 121:141
direct var_read 136:140 -> call_res 129:141
direct var_read 158:163 -> ret 151:164
direct param 16:29 -> var_read 48:53
direct var_read 48:53 -> ret 41:54
direct param 83:95 -> var_read 136:140
node let_bind 121:141 label @Widget.render
node call_res 129:141 - @Widget.render
node var_read 136:140 name @Widget.render
node ret 151:164 - @Widget.render
node var_read 158:163 label @Widget.render
node param 16:29 value @format
node ret 41:54 - @format
node var_read 48:53 value @format
node param 83:95 name @Widget.render
param param 16:29 value @format pos 0
param param 83:95 name @Widget.render pos 0

2_loop.rs
arg 136:151 pos 0 <- var_read 146:150 prog @work
direct var_read 109:114 -> let_bind 101:105
direct let_bind 129:133 -> var_read 169:173
direct call_res 136:151 -> let_bind 129:133
direct var_read 146:150 -> call_res 136:151
direct call_res 41:51 -> ret 41:51
direct param 62:67 -> var_read 109:114
direct param 77:81 -> var_read 146:150
direct loop 97:180 -> ret 97:180
node let_bind 101:105 item @work
node var_read 109:114 rules @work
node let_bind 129:133 rels @work
node param 13:17 prog @make_rels
node call_res 136:151 - @work
node var_read 146:150 prog @work
node var_read 169:173 rels @work
node call_res 41:51 - @make_rels
node ret 41:51 - @make_rels
node param 62:67 rules @work
node param 77:81 prog @work
node loop 97:180 item @work
node ret 97:180 - @work
param param 13:17 prog @make_rels pos 0
param param 62:67 rules @work pos 0
param param 77:81 prog @work pos 1

3_closures.ts
arg 78:89 pos 0 <- var_read 83:88 value @outer
direct param 15:28 -> var_read 83:88
direct param 46:59 -> var_read 64:69
direct var_read 64:69 -> ret 64:69
direct call_res 78:89 -> ret 71:90
direct var_read 83:88 -> call_res 78:89
node param 15:28 value @outer
node param 46:59 inner @read
node ret 64:69 - @read
node var_read 64:69 inner @read
node ret 71:90 - @outer
node call_res 78:89 - @outer
node var_read 83:88 value @outer
param param 15:28 value @outer pos 0
param param 46:59 inner @read pos 0
