---
source: tests/203_v5_reach.rs
expression: "output.join(\"\\n\")"
---
secret->Card.title: var_read 283:289 secret @App, var_read 312:318 secret @App, var_read 348:354 secret @App, var_read 370:376 secret @App, var_read 413:419 secret @App -> param 15:20 title @Card | forward=true reverse=true
fallback->Card.title: var_read 292:300 fallback @App -> param 15:20 title @Card | forward=true reverse=true
secret->Card.subtitle: var_read 283:289 secret @App, var_read 312:318 secret @App, var_read 348:354 secret @App, var_read 370:376 secret @App, var_read 413:419 secret @App -> param 22:30 subtitle @Card | forward=true reverse=true
backup->Card.subtitle: var_read 322:328 backup @App -> param 22:30 subtitle @Card | forward=true reverse=true
secret->Card.note: var_read 283:289 secret @App, var_read 312:318 secret @App, var_read 348:354 secret @App, var_read 370:376 secret @App, var_read 413:419 secret @App -> param 32:36 note @Card | forward=true reverse=true
secret->Card.label: var_read 283:289 secret @App, var_read 312:318 secret @App, var_read 348:354 secret @App, var_read 370:376 secret @App, var_read 413:419 secret @App -> param 38:43 label @Card | forward=true reverse=true
bag->Card.opt: var_read 385:388 bag @App -> param 45:48 opt @Card | forward=true reverse=true
first->Card.items: var_read 406:411 first @App -> param 50:55 items @Card | forward=true reverse=true
secret->Card.items: var_read 283:289 secret @App, var_read 312:318 secret @App, var_read 348:354 secret @App, var_read 370:376 secret @App, var_read 413:419 secret @App -> param 50:55 items @Card | forward=true reverse=true
guarded->Card.note: var_read 337:344 guarded @App -> param 32:36 note @Card | forward=false reverse=false
