---
source: tests/205_deferred_jsx.rs
expression: output
---
[
  {
    "fixture": "16_direct_vs_jsx.tsx",
    "syntax": [
      {
        "record": "arg",
        "family": "df",
        "call": {
          "start": 120,
          "end": 138
        },
        "pos": 0,
        "arg": {
          "start": 121,
          "end": 125
        }
      },
      {
        "record": "arg",
        "family": "df",
        "call": {
          "start": 91,
          "end": 107
        },
        "pos": 0,
        "arg": {
          "start": 96,
          "end": 106
        }
      },
      {
        "record": "df_field",
        "family": "df",
        "owner": {
          "start": 126,
          "end": 135
        },
        "name": "title",
        "value": {
          "start": 133,
          "end": 134
        }
      },
      {
        "record": "df_field",
        "family": "df",
        "owner": {
          "start": 96,
          "end": 106
        },
        "name": "title",
        "value": {
          "start": 104,
          "end": 105
        }
      },
      {
        "record": "edge",
        "family": "df",
        "kind": "direct",
        "from": {
          "start": 104,
          "end": 105
        },
        "from_kind": "var_read",
        "to": {
          "start": 96,
          "end": 106
        },
        "to_kind": "new"
      },
      {
        "record": "edge",
        "family": "df",
        "kind": "direct",
        "from": {
          "start": 120,
          "end": 138
        },
        "from_kind": "call_res",
        "to": {
          "start": 120,
          "end": 138
        },
        "to_kind": "ret"
      },
      {
        "record": "edge",
        "family": "df",
        "kind": "direct",
        "from": {
          "start": 120,
          "end": 138
        },
        "from_kind": "closure",
        "to": {
          "start": 113,
          "end": 139
        },
        "to_kind": "ret"
      },
      {
        "record": "edge",
        "family": "df",
        "kind": "direct",
        "from": {
          "start": 121,
          "end": 125
        },
        "from_kind": "var_read",
        "to": {
          "start": 120,
          "end": 138
        },
        "to_kind": "call_res"
      },
      {
        "record": "edge",
        "family": "df",
        "kind": "direct",
        "from": {
          "start": 126,
          "end": 135
        },
        "from_kind": "new",
        "to": {
          "start": 121,
          "end": 125
        },
        "to_kind": "var_read"
      },
      {
        "record": "edge",
        "family": "df",
        "kind": "direct",
        "from": {
          "start": 133,
          "end": 134
        },
        "from_kind": "var_read",
        "to": {
          "start": 126,
          "end": 135
        },
        "to_kind": "new"
      },
      {
        "record": "edge",
        "family": "df",
        "kind": "direct",
        "from": {
          "start": 15,
          "end": 20
        },
        "from_kind": "param",
        "to": {
          "start": 37,
          "end": 42
        },
        "to_kind": "var_read"
      },
      {
        "record": "edge",
        "family": "df",
        "kind": "direct",
        "from": {
          "start": 37,
          "end": 42
        },
        "from_kind": "var_read",
        "to": {
          "start": 30,
          "end": 43
        },
        "to_kind": "ret"
      },
      {
        "record": "edge",
        "family": "df",
        "kind": "direct",
        "from": {
          "start": 59,
          "end": 68
        },
        "from_kind": "param",
        "to": {
          "start": 104,
          "end": 105
        },
        "to_kind": "var_read"
      },
      {
        "record": "edge",
        "family": "df",
        "kind": "direct",
        "from": {
          "start": 59,
          "end": 68
        },
        "from_kind": "param",
        "to": {
          "start": 133,
          "end": 134
        },
        "to_kind": "var_read"
      },
      {
        "record": "edge",
        "family": "df",
        "kind": "direct",
        "from": {
          "start": 91,
          "end": 107
        },
        "from_kind": "call_res",
        "to": {
          "start": 82,
          "end": 107
        },
        "to_kind": "let_bind"
      },
      {
        "record": "edge",
        "family": "df",
        "kind": "direct",
        "from": {
          "start": 96,
          "end": 106
        },
        "from_kind": "new",
        "to": {
          "start": 91,
          "end": 107
        },
        "to_kind": "call_res"
      },
      {
        "record": "node",
        "family": "call",
        "span": {
          "start": 0,
          "end": 45
        },
        "kind": "function",
        "name": "Card"
      },
      {
        "record": "node",
        "family": "call",
        "span": {
          "start": 120,
          "end": 138
        },
        "kind": "lambda",
        "name": null
      },
      {
        "record": "node",
        "family": "call",
        "span": {
          "start": 46,
          "end": 141
        },
        "kind": "function",
        "name": "App"
      },
      {
        "record": "node",
        "family": "df",
        "span": {
          "start": 104,
          "end": 105
        },
        "kind": "var_read",
        "name": "x",
        "function": "App"
      },
      {
        "record": "node",
        "family": "df",
        "span": {
          "start": 113,
          "end": 139
        },
        "kind": "ret",
        "name": null,
        "function": "App"
      },
      {
        "record": "node",
        "family": "df",
        "span": {
          "start": 120,
          "end": 138
        },
        "kind": "call_res",
        "name": null,
        "function": "App::closure::120"
      },
      {
        "record": "node",
        "family": "df",
        "span": {
          "start": 120,
          "end": 138
        },
        "kind": "closure",
        "name": "16_direct_vs_jsx.tsx::function::App::closure::120",
        "function": "App"
      },
      {
        "record": "node",
        "family": "df",
        "span": {
          "start": 120,
          "end": 138
        },
        "kind": "ret",
        "name": null,
        "function": "App::closure::120"
      },
      {
        "record": "node",
        "family": "df",
        "span": {
          "start": 121,
          "end": 125
        },
        "kind": "var_read",
        "name": null,
        "function": "App::closure::120"
      },
      {
        "record": "node",
        "family": "df",
        "span": {
          "start": 126,
          "end": 135
        },
        "kind": "new",
        "name": null,
        "function": "App"
      },
      {
        "record": "node",
        "family": "df",
        "span": {
          "start": 133,
          "end": 134
        },
        "kind": "var_read",
        "name": "x",
        "function": "App"
      },
      {
        "record": "node",
        "family": "df",
        "span": {
          "start": 15,
          "end": 20
        },
        "kind": "param",
        "name": "title",
        "function": "Card"
      },
      {
        "record": "node",
        "family": "df",
        "span": {
          "start": 30,
          "end": 43
        },
        "kind": "ret",
        "name": null,
        "function": "Card"
      },
      {
        "record": "node",
        "family": "df",
        "span": {
          "start": 37,
          "end": 42
        },
        "kind": "var_read",
        "name": "title",
        "function": "Card"
      },
      {
        "record": "node",
        "family": "df",
        "span": {
          "start": 59,
          "end": 68
        },
        "kind": "param",
        "name": "x",
        "function": "App"
      },
      {
        "record": "node",
        "family": "df",
        "span": {
          "start": 82,
          "end": 107
        },
        "kind": "let_bind",
        "name": "direct",
        "function": "App"
      },
      {
        "record": "node",
        "family": "df",
        "span": {
          "start": 91,
          "end": 107
        },
        "kind": "call_res",
        "name": null,
        "function": "App"
      },
      {
        "record": "node",
        "family": "df",
        "span": {
          "start": 96,
          "end": 106
        },
        "kind": "new",
        "name": null,
        "function": "App"
      },
      {
        "record": "param",
        "family": "df",
        "span": {
          "start": 15,
          "end": 20
        },
        "pos": 0
      },
      {
        "record": "param",
        "family": "df",
        "span": {
          "start": 59,
          "end": 68
        },
        "pos": 0
      },
      {
        "record": "site",
        "family": "call",
        "span": {
          "start": 120,
          "end": 138
        },
        "callee": "Card",
        "callee_path": null
      },
      {
        "record": "site",
        "family": "call",
        "span": {
          "start": 91,
          "end": 95
        },
        "callee": "Card",
        "callee_path": null
      }
    ],
    "resolved": [
      {
        "record": "flow_edge",
        "family": "flow",
        "kind": "arg_to_param",
        "from_blob": "blake3:ce3f4278d2eccc5682bddb070fd9ae2385c7a6b3ab25190754c13ca807374362",
        "from": {
          "start": 104,
          "end": 105
        },
        "to_blob": "blake3:ce3f4278d2eccc5682bddb070fd9ae2385c7a6b3ab25190754c13ca807374362",
        "to": {
          "start": 15,
          "end": 20
        }
      },
      {
        "record": "flow_edge",
        "family": "flow",
        "kind": "arg_to_param",
        "from_blob": "blake3:ce3f4278d2eccc5682bddb070fd9ae2385c7a6b3ab25190754c13ca807374362",
        "from": {
          "start": 133,
          "end": 134
        },
        "to_blob": "blake3:ce3f4278d2eccc5682bddb070fd9ae2385c7a6b3ab25190754c13ca807374362",
        "to": {
          "start": 15,
          "end": 20
        }
      },
      {
        "record": "flow_edge",
        "family": "flow",
        "kind": "lambda_elem",
        "from_blob": "blake3:ce3f4278d2eccc5682bddb070fd9ae2385c7a6b3ab25190754c13ca807374362",
        "from": {
          "start": 126,
          "end": 135
        },
        "to_blob": "blake3:ce3f4278d2eccc5682bddb070fd9ae2385c7a6b3ab25190754c13ca807374362",
        "to": {
          "start": 121,
          "end": 125
        }
      },
      {
        "record": "flow_edge",
        "family": "flow",
        "kind": "lambda_ret",
        "from_blob": "blake3:ce3f4278d2eccc5682bddb070fd9ae2385c7a6b3ab25190754c13ca807374362",
        "from": {
          "start": 120,
          "end": 138
        },
        "to_blob": "blake3:ce3f4278d2eccc5682bddb070fd9ae2385c7a6b3ab25190754c13ca807374362",
        "to": {
          "start": 120,
          "end": 138
        }
      },
      {
        "record": "flow_edge",
        "family": "flow",
        "kind": "ret_to_call_res",
        "from_blob": "blake3:ce3f4278d2eccc5682bddb070fd9ae2385c7a6b3ab25190754c13ca807374362",
        "from": {
          "start": 120,
          "end": 138
        },
        "to_blob": "blake3:ce3f4278d2eccc5682bddb070fd9ae2385c7a6b3ab25190754c13ca807374362",
        "to": {
          "start": 30,
          "end": 43
        }
      },
      {
        "record": "flow_edge",
        "family": "flow",
        "kind": "ret_to_call_res",
        "from_blob": "blake3:ce3f4278d2eccc5682bddb070fd9ae2385c7a6b3ab25190754c13ca807374362",
        "from": {
          "start": 91,
          "end": 107
        },
        "to_blob": "blake3:ce3f4278d2eccc5682bddb070fd9ae2385c7a6b3ab25190754c13ca807374362",
        "to": {
          "start": 30,
          "end": 43
        }
      }
    ],
    "callers": [
      {
        "record": "graph_edge",
        "from_path": "16_direct_vs_jsx.tsx",
        "from_name": "App",
        "to_path": "16_direct_vs_jsx.tsx",
        "to_name": "Card",
        "kind": "name_resolve",
        "grade": "~",
        "from_line": 3,
        "to_line": 1
      },
      {
        "record": "graph_edge",
        "from_path": "16_direct_vs_jsx.tsx",
        "from_name": "closure@App:blake3:e42cb5b44f8e9846b2101144153381e65dcd98691dcc5b976fb6ec406a01cbb7:0",
        "to_path": "16_direct_vs_jsx.tsx",
        "to_name": "Card",
        "kind": "name_resolve",
        "grade": "~",
        "from_line": 4,
        "to_line": 1
      }
    ],
    "hooks": []
  },
  {
    "fixture": "17_other_object.tsx",
    "syntax": [
      {
        "record": "arg",
        "family": "df",
        "call": {
          "start": 95,
          "end": 113
        },
        "pos": 0,
        "arg": {
          "start": 96,
          "end": 100
        }
      },
      {
        "record": "df_field",
        "family": "df",
        "owner": {
          "start": 101,
          "end": 110
        },
        "name": "title",
        "value": {
          "start": 108,
          "end": 109
        }
      },
      {
        "record": "edge",
        "family": "df",
        "kind": "direct",
        "from": {
          "start": 101,
          "end": 110
        },
        "from_kind": "new",
        "to": {
          "start": 96,
          "end": 100
        },
        "to_kind": "var_read"
      },
      {
        "record": "edge",
        "family": "df",
        "kind": "direct",
        "from": {
          "start": 108,
          "end": 109
        },
        "from_kind": "var_read",
        "to": {
          "start": 101,
          "end": 110
        },
        "to_kind": "new"
      },
      {
        "record": "edge",
        "family": "df",
        "kind": "direct",
        "from": {
          "start": 26,
          "end": 36
        },
        "from_kind": "param",
        "to": {
          "start": 47,
          "end": 52
        },
        "to_kind": "var_read"
      },
      {
        "record": "edge",
        "family": "df",
        "kind": "direct",
        "from": {
          "start": 47,
          "end": 52
        },
        "from_kind": "var_read",
        "to": {
          "start": 47,
          "end": 58
        },
        "to_kind": "member"
      },
      {
        "record": "edge",
        "family": "df",
        "kind": "direct",
        "from": {
          "start": 47,
          "end": 58
        },
        "from_kind": "member",
        "to": {
          "start": 40,
          "end": 59
        },
        "to_kind": "ret"
      },
      {
        "record": "edge",
        "family": "df",
        "kind": "direct",
        "from": {
          "start": 75,
          "end": 84
        },
        "from_kind": "param",
        "to": {
          "start": 108,
          "end": 109
        },
        "to_kind": "var_read"
      },
      {
        "record": "edge",
        "family": "df",
        "kind": "direct",
        "from": {
          "start": 95,
          "end": 113
        },
        "from_kind": "call_res",
        "to": {
          "start": 95,
          "end": 113
        },
        "to_kind": "ret"
      },
      {
        "record": "edge",
        "family": "df",
        "kind": "direct",
        "from": {
          "start": 95,
          "end": 113
        },
        "from_kind": "closure",
        "to": {
          "start": 88,
          "end": 114
        },
        "to_kind": "ret"
      },
      {
        "record": "edge",
        "family": "df",
        "kind": "direct",
        "from": {
          "start": 96,
          "end": 100
        },
        "from_kind": "var_read",
        "to": {
          "start": 95,
          "end": 113
        },
        "to_kind": "call_res"
      },
      {
        "record": "node",
        "family": "call",
        "span": {
          "start": 0,
          "end": 61
        },
        "kind": "function",
        "name": "Card"
      },
      {
        "record": "node",
        "family": "call",
        "span": {
          "start": 62,
          "end": 116
        },
        "kind": "function",
        "name": "App"
      },
      {
        "record": "node",
        "family": "call",
        "span": {
          "start": 95,
          "end": 113
        },
        "kind": "lambda",
        "name": null
      },
      {
        "record": "node",
        "family": "df",
        "span": {
          "start": 101,
          "end": 110
        },
        "kind": "new",
        "name": null,
        "function": "App"
      },
      {
        "record": "node",
        "family": "df",
        "span": {
          "start": 108,
          "end": 109
        },
        "kind": "var_read",
        "name": "x",
        "function": "App"
      },
      {
        "record": "node",
        "family": "df",
        "span": {
          "start": 14,
          "end": 24
        },
        "kind": "param",
        "name": "props",
        "function": "Card"
      },
      {
        "record": "node",
        "family": "df",
        "span": {
          "start": 26,
          "end": 36
        },
        "kind": "param",
        "name": "other",
        "function": "Card"
      },
      {
        "record": "node",
        "family": "df",
        "span": {
          "start": 40,
          "end": 59
        },
        "kind": "ret",
        "name": null,
        "function": "Card"
      },
      {
        "record": "node",
        "family": "df",
        "span": {
          "start": 47,
          "end": 52
        },
        "kind": "var_read",
        "name": "other",
        "function": "Card"
      },
      {
        "record": "node",
        "family": "df",
        "span": {
          "start": 47,
          "end": 58
        },
        "kind": "member",
        "name": "title",
        "function": "Card"
      },
      {
        "record": "node",
        "family": "df",
        "span": {
          "start": 75,
          "end": 84
        },
        "kind": "param",
        "name": "x",
        "function": "App"
      },
      {
        "record": "node",
        "family": "df",
        "span": {
          "start": 88,
          "end": 114
        },
        "kind": "ret",
        "name": null,
        "function": "App"
      },
      {
        "record": "node",
        "family": "df",
        "span": {
          "start": 95,
          "end": 113
        },
        "kind": "call_res",
        "name": null,
        "function": "App::closure::95"
      },
      {
        "record": "node",
        "family": "df",
        "span": {
          "start": 95,
          "end": 113
        },
        "kind": "closure",
        "name": "17_other_object.tsx::function::App::closure::95",
        "function": "App"
      },
      {
        "record": "node",
        "family": "df",
        "span": {
          "start": 95,
          "end": 113
        },
        "kind": "ret",
        "name": null,
        "function": "App::closure::95"
      },
      {
        "record": "node",
        "family": "df",
        "span": {
          "start": 96,
          "end": 100
        },
        "kind": "var_read",
        "name": null,
        "function": "App::closure::95"
      },
      {
        "record": "param",
        "family": "df",
        "span": {
          "start": 14,
          "end": 24
        },
        "pos": 0
      },
      {
        "record": "param",
        "family": "df",
        "span": {
          "start": 26,
          "end": 36
        },
        "pos": 1
      },
      {
        "record": "param",
        "family": "df",
        "span": {
          "start": 75,
          "end": 84
        },
        "pos": 0
      },
      {
        "record": "site",
        "family": "call",
        "span": {
          "start": 95,
          "end": 113
        },
        "callee": "Card",
        "callee_path": null
      }
    ],
    "resolved": [
      {
        "record": "flow_edge",
        "family": "flow",
        "kind": "arg_to_param",
        "from_blob": "blake3:1fb5031fbbd563e375ccfa5c147c07d3f0585df0089ff270163b9b15e717f9ee",
        "from": {
          "start": 96,
          "end": 100
        },
        "to_blob": "blake3:1fb5031fbbd563e375ccfa5c147c07d3f0585df0089ff270163b9b15e717f9ee",
        "to": {
          "start": 14,
          "end": 24
        }
      },
      {
        "record": "flow_edge",
        "family": "flow",
        "kind": "lambda_elem",
        "from_blob": "blake3:1fb5031fbbd563e375ccfa5c147c07d3f0585df0089ff270163b9b15e717f9ee",
        "from": {
          "start": 101,
          "end": 110
        },
        "to_blob": "blake3:1fb5031fbbd563e375ccfa5c147c07d3f0585df0089ff270163b9b15e717f9ee",
        "to": {
          "start": 96,
          "end": 100
        }
      },
      {
        "record": "flow_edge",
        "family": "flow",
        "kind": "lambda_ret",
        "from_blob": "blake3:1fb5031fbbd563e375ccfa5c147c07d3f0585df0089ff270163b9b15e717f9ee",
        "from": {
          "start": 95,
          "end": 113
        },
        "to_blob": "blake3:1fb5031fbbd563e375ccfa5c147c07d3f0585df0089ff270163b9b15e717f9ee",
        "to": {
          "start": 95,
          "end": 113
        }
      },
      {
        "record": "flow_edge",
        "family": "flow",
        "kind": "ret_to_call_res",
        "from_blob": "blake3:1fb5031fbbd563e375ccfa5c147c07d3f0585df0089ff270163b9b15e717f9ee",
        "from": {
          "start": 95,
          "end": 113
        },
        "to_blob": "blake3:1fb5031fbbd563e375ccfa5c147c07d3f0585df0089ff270163b9b15e717f9ee",
        "to": {
          "start": 40,
          "end": 59
        }
      }
    ],
    "callers": [
      {
        "record": "graph_edge",
        "from_path": "17_other_object.tsx",
        "from_name": "closure@App:blake3:e42cb5b44f8e9846b2101144153381e65dcd98691dcc5b976fb6ec406a01cbb7:0",
        "to_path": "17_other_object.tsx",
        "to_name": "Card",
        "kind": "name_resolve",
        "grade": "~",
        "from_line": 2,
        "to_line": 1
      }
    ],
    "hooks": []
  },
  {
    "fixture": "18_second_scope.tsx",
    "syntax": [
      {
        "record": "arg",
        "family": "df",
        "call": {
          "start": 160,
          "end": 178
        },
        "pos": 0,
        "arg": {
          "start": 161,
          "end": 165
        }
      },
      {
        "record": "df_field",
        "family": "df",
        "owner": {
          "start": 166,
          "end": 175
        },
        "name": "title",
        "value": {
          "start": 173,
          "end": 174
        }
      },
      {
        "record": "edge",
        "family": "df",
        "kind": "direct",
        "from": {
          "start": 101,
          "end": 106
        },
        "from_kind": "var_read",
        "to": {
          "start": 101,
          "end": 106
        },
        "to_kind": "ret"
      },
      {
        "record": "edge",
        "family": "df",
        "kind": "direct",
        "from": {
          "start": 119,
          "end": 123
        },
        "from_kind": "var_read",
        "to": {
          "start": 112,
          "end": 124
        },
        "to_kind": "ret"
      },
      {
        "record": "edge",
        "family": "df",
        "kind": "direct",
        "from": {
          "start": 140,
          "end": 149
        },
        "from_kind": "param",
        "to": {
          "start": 173,
          "end": 174
        },
        "to_kind": "var_read"
      },
      {
        "record": "edge",
        "family": "df",
        "kind": "direct",
        "from": {
          "start": 15,
          "end": 20
        },
        "from_kind": "param",
        "to": {
          "start": 37,
          "end": 42
        },
        "to_kind": "var_read"
      },
      {
        "record": "edge",
        "family": "df",
        "kind": "direct",
        "from": {
          "start": 160,
          "end": 178
        },
        "from_kind": "call_res",
        "to": {
          "start": 160,
          "end": 178
        },
        "to_kind": "ret"
      },
      {
        "record": "edge",
        "family": "df",
        "kind": "direct",
        "from": {
          "start": 160,
          "end": 178
        },
        "from_kind": "closure",
        "to": {
          "start": 153,
          "end": 179
        },
        "to_kind": "ret"
      },
      {
        "record": "edge",
        "family": "df",
        "kind": "direct",
        "from": {
          "start": 161,
          "end": 165
        },
        "from_kind": "var_read",
        "to": {
          "start": 160,
          "end": 178
        },
        "to_kind": "call_res"
      },
      {
        "record": "edge",
        "family": "df",
        "kind": "direct",
        "from": {
          "start": 166,
          "end": 175
        },
        "from_kind": "new",
        "to": {
          "start": 161,
          "end": 165
        },
        "to_kind": "var_read"
      },
      {
        "record": "edge",
        "family": "df",
        "kind": "direct",
        "from": {
          "start": 173,
          "end": 174
        },
        "from_kind": "var_read",
        "to": {
          "start": 166,
          "end": 175
        },
        "to_kind": "new"
      },
      {
        "record": "edge",
        "family": "df",
        "kind": "direct",
        "from": {
          "start": 37,
          "end": 42
        },
        "from_kind": "var_read",
        "to": {
          "start": 30,
          "end": 43
        },
        "to_kind": "ret"
      },
      {
        "record": "edge",
        "family": "df",
        "kind": "direct",
        "from": {
          "start": 85,
          "end": 90
        },
        "from_kind": "param",
        "to": {
          "start": 101,
          "end": 106
        },
        "to_kind": "var_read"
      },
      {
        "record": "node",
        "family": "call",
        "span": {
          "start": 0,
          "end": 45
        },
        "kind": "function",
        "name": "Card"
      },
      {
        "record": "node",
        "family": "call",
        "span": {
          "start": 127,
          "end": 181
        },
        "kind": "function",
        "name": "App"
      },
      {
        "record": "node",
        "family": "call",
        "span": {
          "start": 160,
          "end": 178
        },
        "kind": "lambda",
        "name": null
      },
      {
        "record": "node",
        "family": "call",
        "span": {
          "start": 46,
          "end": 126
        },
        "kind": "function",
        "name": "Hidden"
      },
      {
        "record": "node",
        "family": "call",
        "span": {
          "start": 76,
          "end": 106
        },
        "kind": "function",
        "name": "Card"
      },
      {
        "record": "node",
        "family": "df",
        "span": {
          "start": 101,
          "end": 106
        },
        "kind": "ret",
        "name": null,
        "function": "Card"
      },
      {
        "record": "node",
        "family": "df",
        "span": {
          "start": 101,
          "end": 106
        },
        "kind": "var_read",
        "name": "title",
        "function": "Card"
      },
      {
        "record": "node",
        "family": "df",
        "span": {
          "start": 112,
          "end": 124
        },
        "kind": "ret",
        "name": null,
        "function": "Hidden"
      },
      {
        "record": "node",
        "family": "df",
        "span": {
          "start": 119,
          "end": 123
        },
        "kind": "var_read",
        "name": "Card",
        "function": "Hidden"
      },
      {
        "record": "node",
        "family": "df",
        "span": {
          "start": 140,
          "end": 149
        },
        "kind": "param",
        "name": "x",
        "function": "App"
      },
      {
        "record": "node",
        "family": "df",
        "span": {
          "start": 15,
          "end": 20
        },
        "kind": "param",
        "name": "title",
        "function": "Card"
      },
      {
        "record": "node",
        "family": "df",
        "span": {
          "start": 153,
          "end": 179
        },
        "kind": "ret",
        "name": null,
        "function": "App"
      },
      {
        "record": "node",
        "family": "df",
        "span": {
          "start": 160,
          "end": 178
        },
        "kind": "call_res",
        "name": null,
        "function": "App::closure::160"
      },
      {
        "record": "node",
        "family": "df",
        "span": {
          "start": 160,
          "end": 178
        },
        "kind": "closure",
        "name": "18_second_scope.tsx::function::App::closure::160",
        "function": "App"
      },
      {
        "record": "node",
        "family": "df",
        "span": {
          "start": 160,
          "end": 178
        },
        "kind": "ret",
        "name": null,
        "function": "App::closure::160"
      },
      {
        "record": "node",
        "family": "df",
        "span": {
          "start": 161,
          "end": 165
        },
        "kind": "var_read",
        "name": null,
        "function": "App::closure::160"
      },
      {
        "record": "node",
        "family": "df",
        "span": {
          "start": 166,
          "end": 175
        },
        "kind": "new",
        "name": null,
        "function": "App"
      },
      {
        "record": "node",
        "family": "df",
        "span": {
          "start": 173,
          "end": 174
        },
        "kind": "var_read",
        "name": "x",
        "function": "App"
      },
      {
        "record": "node",
        "family": "df",
        "span": {
          "start": 30,
          "end": 43
        },
        "kind": "ret",
        "name": null,
        "function": "Card"
      },
      {
        "record": "node",
        "family": "df",
        "span": {
          "start": 37,
          "end": 42
        },
        "kind": "var_read",
        "name": "title",
        "function": "Card"
      },
      {
        "record": "node",
        "family": "df",
        "span": {
          "start": 85,
          "end": 90
        },
        "kind": "param",
        "name": "title",
        "function": "Card"
      },
      {
        "record": "param",
        "family": "df",
        "span": {
          "start": 140,
          "end": 149
        },
        "pos": 0
      },
      {
        "record": "param",
        "family": "df",
        "span": {
          "start": 15,
          "end": 20
        },
        "pos": 0
      },
      {
        "record": "param",
        "family": "df",
        "span": {
          "start": 85,
          "end": 90
        },
        "pos": 0
      },
      {
        "record": "site",
        "family": "call",
        "span": {
          "start": 160,
          "end": 178
        },
        "callee": "Card",
        "callee_path": null
      }
    ],
    "resolved": [
      {
        "record": "flow_edge",
        "family": "flow",
        "kind": "arg_to_param",
        "from_blob": "blake3:2caaff323de5d982127a48cb44e75c4e93a3e977ae1b56cbf22f9a5010dd078e",
        "from": {
          "start": 173,
          "end": 174
        },
        "to_blob": "blake3:2caaff323de5d982127a48cb44e75c4e93a3e977ae1b56cbf22f9a5010dd078e",
        "to": {
          "start": 15,
          "end": 20
        }
      },
      {
        "record": "flow_edge",
        "family": "flow",
        "kind": "lambda_elem",
        "from_blob": "blake3:2caaff323de5d982127a48cb44e75c4e93a3e977ae1b56cbf22f9a5010dd078e",
        "from": {
          "start": 166,
          "end": 175
        },
        "to_blob": "blake3:2caaff323de5d982127a48cb44e75c4e93a3e977ae1b56cbf22f9a5010dd078e",
        "to": {
          "start": 161,
          "end": 165
        }
      },
      {
        "record": "flow_edge",
        "family": "flow",
        "kind": "lambda_ret",
        "from_blob": "blake3:2caaff323de5d982127a48cb44e75c4e93a3e977ae1b56cbf22f9a5010dd078e",
        "from": {
          "start": 160,
          "end": 178
        },
        "to_blob": "blake3:2caaff323de5d982127a48cb44e75c4e93a3e977ae1b56cbf22f9a5010dd078e",
        "to": {
          "start": 160,
          "end": 178
        }
      },
      {
        "record": "flow_edge",
        "family": "flow",
        "kind": "ret_to_call_res",
        "from_blob": "blake3:2caaff323de5d982127a48cb44e75c4e93a3e977ae1b56cbf22f9a5010dd078e",
        "from": {
          "start": 160,
          "end": 178
        },
        "to_blob": "blake3:2caaff323de5d982127a48cb44e75c4e93a3e977ae1b56cbf22f9a5010dd078e",
        "to": {
          "start": 30,
          "end": 43
        }
      }
    ],
    "callers": [
      {
        "record": "graph_edge",
        "from_path": "18_second_scope.tsx",
        "from_name": "closure@App:blake3:e42cb5b44f8e9846b2101144153381e65dcd98691dcc5b976fb6ec406a01cbb7:0",
        "to_path": "18_second_scope.tsx",
        "to_name": "Card",
        "kind": "name_resolve",
        "grade": "~",
        "from_line": 6,
        "to_line": 1
      }
    ],
    "hooks": []
  },
  {
    "fixture": "19_eager_hook.tsx",
    "syntax": [
      {
        "record": "arg",
        "family": "df",
        "call": {
          "start": 125,
          "end": 182
        },
        "pos": 0,
        "arg": {
          "start": 126,
          "end": 130
        }
      },
      {
        "record": "arg",
        "family": "df",
        "call": {
          "start": 154,
          "end": 164
        },
        "pos": 0,
        "arg": {
          "start": 162,
          "end": 163
        }
      },
      {
        "record": "df_field",
        "family": "df",
        "owner": {
          "start": 131,
          "end": 185
        },
        "name": "..",
        "value": {
          "start": 170,
          "end": 180
        }
      },
      {
        "record": "df_field",
        "family": "df",
        "owner": {
          "start": 131,
          "end": 185
        },
        "name": "children",
        "value": {
          "start": 182,
          "end": 185
        }
      },
      {
        "record": "df_field",
        "family": "df",
        "owner": {
          "start": 131,
          "end": 185
        },
        "name": "title",
        "value": {
          "start": 154,
          "end": 164
        }
      },
      {
        "record": "df_field",
        "family": "df",
        "owner": {
          "start": 170,
          "end": 180
        },
        "name": "extra",
        "value": {
          "start": 178,
          "end": 179
        }
      },
      {
        "record": "df_lit",
        "family": "df",
        "node": {
          "start": 135,
          "end": 138
        },
        "kind": "lit",
        "text": "k"
      },
      {
        "record": "df_lit",
        "family": "df",
        "node": {
          "start": 182,
          "end": 185
        },
        "kind": "lit",
        "text": "kid"
      },
      {
        "record": "edge",
        "family": "df",
        "kind": "direct",
        "from": {
          "start": 101,
          "end": 110
        },
        "from_kind": "param",
        "to": {
          "start": 144,
          "end": 145
        },
        "to_kind": "var_read"
      },
      {
        "record": "edge",
        "family": "df",
        "kind": "direct",
        "from": {
          "start": 101,
          "end": 110
        },
        "from_kind": "param",
        "to": {
          "start": 162,
          "end": 163
        },
        "to_kind": "var_read"
      },
      {
        "record": "edge",
        "family": "df",
        "kind": "direct",
        "from": {
          "start": 101,
          "end": 110
        },
        "from_kind": "param",
        "to": {
          "start": 178,
          "end": 179
        },
        "to_kind": "var_read"
      },
      {
        "record": "edge",
        "family": "df",
        "kind": "direct",
        "from": {
          "start": 125,
          "end": 182
        },
        "from_kind": "call_res",
        "to": {
          "start": 125,
          "end": 182
        },
        "to_kind": "ret"
      },
      {
        "record": "edge",
        "family": "df",
        "kind": "direct",
        "from": {
          "start": 125,
          "end": 192
        },
        "from_kind": "closure",
        "to": {
          "start": 118,
          "end": 193
        },
        "to_kind": "ret"
      },
      {
        "record": "edge",
        "family": "df",
        "kind": "direct",
        "from": {
          "start": 126,
          "end": 130
        },
        "from_kind": "var_read",
        "to": {
          "start": 125,
          "end": 182
        },
        "to_kind": "call_res"
      },
      {
        "record": "edge",
        "family": "df",
        "kind": "direct",
        "from": {
          "start": 131,
          "end": 185
        },
        "from_kind": "new",
        "to": {
          "start": 126,
          "end": 130
        },
        "to_kind": "var_read"
      },
      {
        "record": "edge",
        "family": "df",
        "kind": "direct",
        "from": {
          "start": 154,
          "end": 164
        },
        "from_kind": "call_res",
        "to": {
          "start": 131,
          "end": 185
        },
        "to_kind": "new"
      },
      {
        "record": "edge",
        "family": "df",
        "kind": "direct",
        "from": {
          "start": 162,
          "end": 163
        },
        "from_kind": "var_read",
        "to": {
          "start": 154,
          "end": 164
        },
        "to_kind": "call_res"
      },
      {
        "record": "edge",
        "family": "df",
        "kind": "direct",
        "from": {
          "start": 17,
          "end": 26
        },
        "from_kind": "param",
        "to": {
          "start": 37,
          "end": 38
        },
        "to_kind": "var_read"
      },
      {
        "record": "edge",
        "family": "df",
        "kind": "direct",
        "from": {
          "start": 170,
          "end": 180
        },
        "from_kind": "new",
        "to": {
          "start": 131,
          "end": 185
        },
        "to_kind": "new"
      },
      {
        "record": "edge",
        "family": "df",
        "kind": "direct",
        "from": {
          "start": 178,
          "end": 179
        },
        "from_kind": "var_read",
        "to": {
          "start": 170,
          "end": 180
        },
        "to_kind": "new"
      },
      {
        "record": "edge",
        "family": "df",
        "kind": "direct",
        "from": {
          "start": 182,
          "end": 185
        },
        "from_kind": "lit",
        "to": {
          "start": 131,
          "end": 185
        },
        "to_kind": "new"
      },
      {
        "record": "edge",
        "family": "df",
        "kind": "direct",
        "from": {
          "start": 37,
          "end": 38
        },
        "from_kind": "var_read",
        "to": {
          "start": 30,
          "end": 39
        },
        "to_kind": "ret"
      },
      {
        "record": "edge",
        "family": "df",
        "kind": "direct",
        "from": {
          "start": 57,
          "end": 62
        },
        "from_kind": "param",
        "to": {
          "start": 79,
          "end": 84
        },
        "to_kind": "var_read"
      },
      {
        "record": "edge",
        "family": "df",
        "kind": "direct",
        "from": {
          "start": 79,
          "end": 84
        },
        "from_kind": "var_read",
        "to": {
          "start": 72,
          "end": 85
        },
        "to_kind": "ret"
      },
      {
        "record": "node",
        "family": "call",
        "span": {
          "start": 0,
          "end": 41
        },
        "kind": "function",
        "name": "useHook"
      },
      {
        "record": "node",
        "family": "call",
        "span": {
          "start": 125,
          "end": 192
        },
        "kind": "lambda",
        "name": null
      },
      {
        "record": "node",
        "family": "call",
        "span": {
          "start": 42,
          "end": 87
        },
        "kind": "function",
        "name": "Card"
      },
      {
        "record": "node",
        "family": "call",
        "span": {
          "start": 88,
          "end": 195
        },
        "kind": "function",
        "name": "App"
      },
      {
        "record": "node",
        "family": "df",
        "span": {
          "start": 101,
          "end": 110
        },
        "kind": "param",
        "name": "x",
        "function": "App"
      },
      {
        "record": "node",
        "family": "df",
        "span": {
          "start": 118,
          "end": 193
        },
        "kind": "ret",
        "name": null,
        "function": "App"
      },
      {
        "record": "node",
        "family": "df",
        "span": {
          "start": 125,
          "end": 182
        },
        "kind": "call_res",
        "name": null,
        "function": "App::closure::125"
      },
      {
        "record": "node",
        "family": "df",
        "span": {
          "start": 125,
          "end": 182
        },
        "kind": "ret",
        "name": null,
        "function": "App::closure::125"
      },
      {
        "record": "node",
        "family": "df",
        "span": {
          "start": 125,
          "end": 192
        },
        "kind": "closure",
        "name": "19_eager_hook.tsx::function::App::closure::125",
        "function": "App"
      },
      {
        "record": "node",
        "family": "df",
        "span": {
          "start": 126,
          "end": 130
        },
        "kind": "var_read",
        "name": null,
        "function": "App::closure::125"
      },
      {
        "record": "node",
        "family": "df",
        "span": {
          "start": 131,
          "end": 185
        },
        "kind": "new",
        "name": null,
        "function": "App"
      },
      {
        "record": "node",
        "family": "df",
        "span": {
          "start": 135,
          "end": 138
        },
        "kind": "lit",
        "name": null,
        "function": "App"
      },
      {
        "record": "node",
        "family": "df",
        "span": {
          "start": 144,
          "end": 145
        },
        "kind": "var_read",
        "name": "x",
        "function": "App"
      },
      {
        "record": "node",
        "family": "df",
        "span": {
          "start": 154,
          "end": 164
        },
        "kind": "call_res",
        "name": null,
        "function": "App"
      },
      {
        "record": "node",
        "family": "df",
        "span": {
          "start": 162,
          "end": 163
        },
        "kind": "var_read",
        "name": "x",
        "function": "App"
      },
      {
        "record": "node",
        "family": "df",
        "span": {
          "start": 17,
          "end": 26
        },
        "kind": "param",
        "name": "x",
        "function": "useHook"
      },
      {
        "record": "node",
        "family": "df",
        "span": {
          "start": 170,
          "end": 180
        },
        "kind": "new",
        "name": null,
        "function": "App"
      },
      {
        "record": "node",
        "family": "df",
        "span": {
          "start": 178,
          "end": 179
        },
        "kind": "var_read",
        "name": "x",
        "function": "App"
      },
      {
        "record": "node",
        "family": "df",
        "span": {
          "start": 182,
          "end": 185
        },
        "kind": "lit",
        "name": null,
        "function": "App"
      },
      {
        "record": "node",
        "family": "df",
        "span": {
          "start": 30,
          "end": 39
        },
        "kind": "ret",
        "name": null,
        "function": "useHook"
      },
      {
        "record": "node",
        "family": "df",
        "span": {
          "start": 37,
          "end": 38
        },
        "kind": "var_read",
        "name": "x",
        "function": "useHook"
      },
      {
        "record": "node",
        "family": "df",
        "span": {
          "start": 57,
          "end": 62
        },
        "kind": "param",
        "name": "title",
        "function": "Card"
      },
      {
        "record": "node",
        "family": "df",
        "span": {
          "start": 72,
          "end": 85
        },
        "kind": "ret",
        "name": null,
        "function": "Card"
      },
      {
        "record": "node",
        "family": "df",
        "span": {
          "start": 79,
          "end": 84
        },
        "kind": "var_read",
        "name": "title",
        "function": "Card"
      },
      {
        "record": "param",
        "family": "df",
        "span": {
          "start": 101,
          "end": 110
        },
        "pos": 0
      },
      {
        "record": "param",
        "family": "df",
        "span": {
          "start": 17,
          "end": 26
        },
        "pos": 0
      },
      {
        "record": "param",
        "family": "df",
        "span": {
          "start": 57,
          "end": 62
        },
        "pos": 0
      },
      {
        "record": "site",
        "family": "call",
        "span": {
          "start": 125,
          "end": 182
        },
        "callee": "Card",
        "callee_path": null
      },
      {
        "record": "site",
        "family": "call",
        "span": {
          "start": 154,
          "end": 161
        },
        "callee": "useHook",
        "callee_path": null
      }
    ],
    "resolved": [
      {
        "record": "flow_edge",
        "family": "flow",
        "kind": "arg_to_param",
        "from_blob": "blake3:6d69e37bd9a6a05719907249260a8c9e5f9e95d200b7d20f377af3f24c0875db",
        "from": {
          "start": 154,
          "end": 164
        },
        "to_blob": "blake3:6d69e37bd9a6a05719907249260a8c9e5f9e95d200b7d20f377af3f24c0875db",
        "to": {
          "start": 57,
          "end": 62
        }
      },
      {
        "record": "flow_edge",
        "family": "flow",
        "kind": "arg_to_param",
        "from_blob": "blake3:6d69e37bd9a6a05719907249260a8c9e5f9e95d200b7d20f377af3f24c0875db",
        "from": {
          "start": 162,
          "end": 163
        },
        "to_blob": "blake3:6d69e37bd9a6a05719907249260a8c9e5f9e95d200b7d20f377af3f24c0875db",
        "to": {
          "start": 17,
          "end": 26
        }
      },
      {
        "record": "flow_edge",
        "family": "flow",
        "kind": "lambda_elem",
        "from_blob": "blake3:6d69e37bd9a6a05719907249260a8c9e5f9e95d200b7d20f377af3f24c0875db",
        "from": {
          "start": 131,
          "end": 185
        },
        "to_blob": "blake3:6d69e37bd9a6a05719907249260a8c9e5f9e95d200b7d20f377af3f24c0875db",
        "to": {
          "start": 126,
          "end": 130
        }
      },
      {
        "record": "flow_edge",
        "family": "flow",
        "kind": "lambda_ret",
        "from_blob": "blake3:6d69e37bd9a6a05719907249260a8c9e5f9e95d200b7d20f377af3f24c0875db",
        "from": {
          "start": 125,
          "end": 182
        },
        "to_blob": "blake3:6d69e37bd9a6a05719907249260a8c9e5f9e95d200b7d20f377af3f24c0875db",
        "to": {
          "start": 125,
          "end": 192
        }
      },
      {
        "record": "flow_edge",
        "family": "flow",
        "kind": "ret_to_call_res",
        "from_blob": "blake3:6d69e37bd9a6a05719907249260a8c9e5f9e95d200b7d20f377af3f24c0875db",
        "from": {
          "start": 125,
          "end": 182
        },
        "to_blob": "blake3:6d69e37bd9a6a05719907249260a8c9e5f9e95d200b7d20f377af3f24c0875db",
        "to": {
          "start": 72,
          "end": 85
        }
      },
      {
        "record": "flow_edge",
        "family": "flow",
        "kind": "ret_to_call_res",
        "from_blob": "blake3:6d69e37bd9a6a05719907249260a8c9e5f9e95d200b7d20f377af3f24c0875db",
        "from": {
          "start": 154,
          "end": 164
        },
        "to_blob": "blake3:6d69e37bd9a6a05719907249260a8c9e5f9e95d200b7d20f377af3f24c0875db",
        "to": {
          "start": 30,
          "end": 39
        }
      }
    ],
    "callers": [
      {
        "record": "graph_edge",
        "from_path": "19_eager_hook.tsx",
        "from_name": "closure@App:blake3:abbc1472489fbb1c33eb5349e67917749ac06b8d5e38a3217696269c1ce85071:0",
        "to_path": "19_eager_hook.tsx",
        "to_name": "Card",
        "kind": "name_resolve",
        "grade": "~",
        "from_line": 4,
        "to_line": 2
      }
    ],
    "hooks": [
      {
        "record": "graph_edge",
        "from_path": "19_eager_hook.tsx",
        "from_name": "App",
        "to_path": "19_eager_hook.tsx",
        "to_name": "useHook",
        "kind": "name_resolve",
        "grade": "~",
        "from_line": 4,
        "to_line": 1
      }
    ]
  },
  {
    "fixture": "20_capture.ts",
    "syntax": [
      {
        "record": "arg",
        "family": "df",
        "call": {
          "start": 91,
          "end": 111
        },
        "pos": 0,
        "arg": {
          "start": 99,
          "end": 110
        }
      },
      {
        "record": "edge",
        "family": "df",
        "kind": "direct",
        "from": {
          "start": 105,
          "end": 110
        },
        "from_kind": "var_read",
        "to": {
          "start": 105,
          "end": 110
        },
        "to_kind": "ret"
      },
      {
        "record": "edge",
        "family": "df",
        "kind": "direct",
        "from": {
          "start": 44,
          "end": 48
        },
        "from_kind": "call_res",
        "to": {
          "start": 37,
          "end": 49
        },
        "to_kind": "ret"
      },
      {
        "record": "edge",
        "family": "df",
        "kind": "direct",
        "from": {
          "start": 67,
          "end": 80
        },
        "from_kind": "param",
        "to": {
          "start": 105,
          "end": 110
        },
        "to_kind": "var_read"
      },
      {
        "record": "edge",
        "family": "df",
        "kind": "direct",
        "from": {
          "start": 91,
          "end": 111
        },
        "from_kind": "call_res",
        "to": {
          "start": 84,
          "end": 112
        },
        "to_kind": "ret"
      },
      {
        "record": "edge",
        "family": "df",
        "kind": "direct",
        "from": {
          "start": 99,
          "end": 110
        },
        "from_kind": "closure",
        "to": {
          "start": 91,
          "end": 111
        },
        "to_kind": "call_res"
      },
      {
        "record": "node",
        "family": "call",
        "span": {
          "start": 0,
          "end": 51
        },
        "kind": "function",
        "name": "consume"
      },
      {
        "record": "node",
        "family": "call",
        "span": {
          "start": 52,
          "end": 114
        },
        "kind": "function",
        "name": "outer"
      },
      {
        "record": "node",
        "family": "call",
        "span": {
          "start": 99,
          "end": 110
        },
        "kind": "lambda",
        "name": null
      },
      {
        "record": "node",
        "family": "df",
        "span": {
          "start": 105,
          "end": 110
        },
        "kind": "ret",
        "name": null,
        "function": "outer::closure::99"
      },
      {
        "record": "node",
        "family": "df",
        "span": {
          "start": 105,
          "end": 110
        },
        "kind": "var_read",
        "name": "value",
        "function": "outer::closure::99"
      },
      {
        "record": "node",
        "family": "df",
        "span": {
          "start": 17,
          "end": 33
        },
        "kind": "param",
        "name": "fn",
        "function": "consume"
      },
      {
        "record": "node",
        "family": "df",
        "span": {
          "start": 37,
          "end": 49
        },
        "kind": "ret",
        "name": null,
        "function": "consume"
      },
      {
        "record": "node",
        "family": "df",
        "span": {
          "start": 44,
          "end": 48
        },
        "kind": "call_res",
        "name": null,
        "function": "consume"
      },
      {
        "record": "node",
        "family": "df",
        "span": {
          "start": 67,
          "end": 80
        },
        "kind": "param",
        "name": "value",
        "function": "outer"
      },
      {
        "record": "node",
        "family": "df",
        "span": {
          "start": 84,
          "end": 112
        },
        "kind": "ret",
        "name": null,
        "function": "outer"
      },
      {
        "record": "node",
        "family": "df",
        "span": {
          "start": 91,
          "end": 111
        },
        "kind": "call_res",
        "name": null,
        "function": "outer"
      },
      {
        "record": "node",
        "family": "df",
        "span": {
          "start": 99,
          "end": 110
        },
        "kind": "closure",
        "name": "20_capture.ts::function::outer::closure::99",
        "function": "outer"
      },
      {
        "record": "param",
        "family": "df",
        "span": {
          "start": 17,
          "end": 33
        },
        "pos": 0
      },
      {
        "record": "param",
        "family": "df",
        "span": {
          "start": 67,
          "end": 80
        },
        "pos": 0
      },
      {
        "record": "site",
        "family": "call",
        "span": {
          "start": 44,
          "end": 46
        },
        "callee": "fn",
        "callee_path": null
      },
      {
        "record": "site",
        "family": "call",
        "span": {
          "start": 91,
          "end": 98
        },
        "callee": "consume",
        "callee_path": null
      }
    ],
    "resolved": [
      {
        "record": "flow_edge",
        "family": "flow",
        "kind": "arg_to_param",
        "from_blob": "blake3:81f56f02c2478f28bd048c783dd53f698d788bd24363805ab39759b936344c76",
        "from": {
          "start": 99,
          "end": 110
        },
        "to_blob": "blake3:81f56f02c2478f28bd048c783dd53f698d788bd24363805ab39759b936344c76",
        "to": {
          "start": 17,
          "end": 33
        }
      },
      {
        "record": "flow_edge",
        "family": "flow",
        "kind": "lambda_elem",
        "from_blob": "blake3:81f56f02c2478f28bd048c783dd53f698d788bd24363805ab39759b936344c76",
        "from": {
          "start": 67,
          "end": 80
        },
        "to_blob": "blake3:81f56f02c2478f28bd048c783dd53f698d788bd24363805ab39759b936344c76",
        "to": {
          "start": 105,
          "end": 110
        }
      },
      {
        "record": "flow_edge",
        "family": "flow",
        "kind": "lambda_ret",
        "from_blob": "blake3:81f56f02c2478f28bd048c783dd53f698d788bd24363805ab39759b936344c76",
        "from": {
          "start": 105,
          "end": 110
        },
        "to_blob": "blake3:81f56f02c2478f28bd048c783dd53f698d788bd24363805ab39759b936344c76",
        "to": {
          "start": 99,
          "end": 110
        }
      },
      {
        "record": "flow_edge",
        "family": "flow",
        "kind": "ret_to_call_res",
        "from_blob": "blake3:81f56f02c2478f28bd048c783dd53f698d788bd24363805ab39759b936344c76",
        "from": {
          "start": 91,
          "end": 111
        },
        "to_blob": "blake3:81f56f02c2478f28bd048c783dd53f698d788bd24363805ab39759b936344c76",
        "to": {
          "start": 37,
          "end": 49
        }
      }
    ],
    "callers": [],
    "hooks": []
  },
  {
    "fixture": "21_capture.rs",
    "syntax": [
      {
        "record": "arg",
        "family": "df",
        "call": {
          "start": 57,
          "end": 73
        },
        "pos": 0,
        "arg": {
          "start": 64,
          "end": 72
        }
      },
      {
        "record": "edge",
        "family": "df",
        "kind": "direct",
        "from": {
          "start": 43,
          "end": 48
        },
        "from_kind": "param",
        "to": {
          "start": 67,
          "end": 72
        },
        "to_kind": "var_read"
      },
      {
        "record": "edge",
        "family": "df",
        "kind": "direct",
        "from": {
          "start": 64,
          "end": 72
        },
        "from_kind": "closure",
        "to": {
          "start": 57,
          "end": 73
        },
        "to_kind": "call_res"
      },
      {
        "record": "edge",
        "family": "df",
        "kind": "direct",
        "from": {
          "start": 67,
          "end": 72
        },
        "from_kind": "var_read",
        "to": {
          "start": 67,
          "end": 72
        },
        "to_kind": "ret"
      },
      {
        "record": "node",
        "family": "call",
        "span": {
          "start": 3,
          "end": 33
        },
        "kind": "function",
        "name": "use_up"
      },
      {
        "record": "node",
        "family": "call",
        "span": {
          "start": 37,
          "end": 76
        },
        "kind": "function",
        "name": "outer"
      },
      {
        "record": "node",
        "family": "call",
        "span": {
          "start": 64,
          "end": 72
        },
        "kind": "lambda",
        "name": null
      },
      {
        "record": "node",
        "family": "df",
        "span": {
          "start": 10,
          "end": 11
        },
        "kind": "param",
        "name": "f",
        "function": "use_up"
      },
      {
        "record": "node",
        "family": "df",
        "span": {
          "start": 43,
          "end": 48
        },
        "kind": "param",
        "name": "value",
        "function": "outer"
      },
      {
        "record": "node",
        "family": "df",
        "span": {
          "start": 57,
          "end": 73
        },
        "kind": "call_res",
        "name": null,
        "function": "outer"
      },
      {
        "record": "node",
        "family": "df",
        "span": {
          "start": 64,
          "end": 72
        },
        "kind": "closure",
        "name": "21_capture.rs::function::outer::closure::2_30",
        "function": "outer"
      },
      {
        "record": "node",
        "family": "df",
        "span": {
          "start": 67,
          "end": 72
        },
        "kind": "ret",
        "name": null,
        "function": "outer::closure::2_30"
      },
      {
        "record": "node",
        "family": "df",
        "span": {
          "start": 67,
          "end": 72
        },
        "kind": "var_read",
        "name": "value",
        "function": "outer::closure::2_30"
      },
      {
        "record": "param",
        "family": "df",
        "span": {
          "start": 10,
          "end": 11
        },
        "pos": 0
      },
      {
        "record": "param",
        "family": "df",
        "span": {
          "start": 43,
          "end": 48
        },
        "pos": 0
      },
      {
        "record": "site",
        "family": "call",
        "span": {
          "start": 57,
          "end": 63
        },
        "callee": "use_up",
        "callee_path": null
      }
    ],
    "resolved": [
      {
        "record": "flow_edge",
        "family": "flow",
        "kind": "arg_to_param",
        "from_blob": "blake3:02aac79999a72508f3ef74047df2a20c690d5a6e06227f53d4569e4428dcc9df",
        "from": {
          "start": 64,
          "end": 72
        },
        "to_blob": "blake3:02aac79999a72508f3ef74047df2a20c690d5a6e06227f53d4569e4428dcc9df",
        "to": {
          "start": 10,
          "end": 11
        }
      },
      {
        "record": "flow_edge",
        "family": "flow",
        "kind": "lambda_elem",
        "from_blob": "blake3:02aac79999a72508f3ef74047df2a20c690d5a6e06227f53d4569e4428dcc9df",
        "from": {
          "start": 43,
          "end": 48
        },
        "to_blob": "blake3:02aac79999a72508f3ef74047df2a20c690d5a6e06227f53d4569e4428dcc9df",
        "to": {
          "start": 67,
          "end": 72
        }
      },
      {
        "record": "flow_edge",
        "family": "flow",
        "kind": "lambda_ret",
        "from_blob": "blake3:02aac79999a72508f3ef74047df2a20c690d5a6e06227f53d4569e4428dcc9df",
        "from": {
          "start": 67,
          "end": 72
        },
        "to_blob": "blake3:02aac79999a72508f3ef74047df2a20c690d5a6e06227f53d4569e4428dcc9df",
        "to": {
          "start": 64,
          "end": 72
        }
      }
    ],
    "callers": [],
    "hooks": []
  }
]
