---
source: tests/support/2_fixture_runner.rs
---
{
  "0_legs": {
    "main_edges": [
      [
        "ctorCase",
        "bar",
        "<fixture>/tests/fixtures/ts_binding_legs/lib.ts",
        "receiver"
      ],
      [
        "ctorCase",
        "makeFoo",
        "<fixture>/tests/fixtures/ts_binding_legs/lib.ts",
        "same_file"
      ],
      [
        "ifaceCase",
        "project",
        "<fixture>/tests/fixtures/ts_binding_legs/lib.ts",
        "receiver"
      ],
      [
        "makeFoo",
        "Foo",
        "<fixture>/tests/fixtures/ts_binding_legs/lib.ts",
        "same_file"
      ],
      [
        "run",
        "m",
        "<fixture>/tests/fixtures/ts_binding_legs/lib.ts",
        "receiver"
      ],
      [
        "crossFileCtor",
        "bar",
        "<fixture>/tests/fixtures/ts_binding_legs/lib.ts",
        "receiver"
      ],
      [
        "crossFileCtor",
        "makeFoo",
        "<fixture>/tests/fixtures/ts_binding_legs/lib.ts",
        "module_plane"
      ],
      [
        "crossFileGeneric",
        "ifaceCase",
        "<fixture>/tests/fixtures/ts_binding_legs/lib.ts",
        "module_plane"
      ],
      [
        "crossFileGeneric",
        "Impl",
        "<fixture>/tests/fixtures/ts_binding_legs/use.ts",
        "same_file"
      ]
    ],
    "shadow_edges": [
      [
        "constCase",
        "project",
        "<fixture>/tests/fixtures/ts_binding_legs/shadow.ts",
        "same_file"
      ],
      [
        "selfInitCase",
        "project",
        "<fixture>/tests/fixtures/ts_binding_legs/free.ts",
        "corpus_unique"
      ]
    ],
    "shadow_drops": [
      [
        "project",
        "inferred",
        227
      ],
      [
        "project",
        "inferred",
        46
      ]
    ]
  }
}
