---
source: tests/support/2_fixture_runner.rs
---
{
  "0_specifiers": {
    "specifier_rows": [
      [
        "named",
        "./b.ts",
        "'./b.ts'"
      ],
      [
        "named",
        "./b",
        "'./b'"
      ],
      [
        "named",
        "./dir",
        "'./dir'"
      ],
      [
        "named",
        "./b.js",
        "'./b.js'"
      ],
      [
        "named",
        "@app/b",
        "'@app/b'"
      ],
      [
        "named",
        "pkg-exports",
        "'pkg-exports'"
      ],
      [
        "reexport",
        "./reexport",
        "'./reexport'"
      ],
      [
        "reexport",
        "./dir",
        "'./dir'"
      ],
      [
        "dynamic_import",
        "./b.js",
        "'./b.js'"
      ],
      [
        "require",
        "./b",
        "'./b'"
      ],
      [
        "require",
        "./b",
        "'./b'"
      ]
    ],
    "nested_rows": [
      [
        "dynamic_import",
        "./deep"
      ],
      [
        "require",
        "./other"
      ]
    ],
    "extractor_rows": [
      [
        "named",
        "./b.ts"
      ],
      [
        "named",
        "./b"
      ],
      [
        "named",
        "./dir"
      ],
      [
        "named",
        "./b.js"
      ],
      [
        "named",
        "@app/b"
      ],
      [
        "named",
        "pkg-exports"
      ],
      [
        "reexport",
        "./reexport"
      ],
      [
        "reexport",
        "./dir"
      ],
      [
        "dynamic_import",
        "./b.js"
      ],
      [
        "require",
        "./b"
      ],
      [
        "require",
        "./b"
      ]
    ],
    "rehome_roster": [
      [
        "a/b.ts",
        "ts"
      ],
      [
        "a/b.d.ts",
        "ts"
      ],
      [
        "a/b.mjs",
        "ts"
      ],
      [
        "a/b.tsx",
        "ts"
      ],
      [
        "a/b.cjs",
        "ts"
      ],
      [
        "a/b.pl",
        "prolog"
      ],
      [
        "a/b.plt",
        "prolog"
      ],
      [
        "a/b.kts",
        "kotlin"
      ],
      [
        "a/b.kt",
        "kotlin"
      ],
      [
        "a/ts",
        ""
      ],
      [
        "a.ts/b",
        ""
      ]
    ],
    "corpus_files": [
      "a.ts",
      "c.cts",
      "cjs.cjs",
      "dist/a.js",
      "esm.mjs",
      "legacy.js",
      "legacy.jsx",
      "m.mts",
      "notes.md",
      "rule.pl",
      "rule.plt",
      "script.kts",
      "ui/a.tsx"
    ],
    "corpus_ts_files": [
      "a.ts",
      "c.cts",
      "cjs.cjs",
      "dist/a.js",
      "esm.mjs",
      "legacy.js",
      "legacy.jsx",
      "m.mts",
      "ui/a.tsx"
    ],
    "monorepo_ts_files": [
      "packages/one/src/a.ts",
      "packages/two/src/b.ts"
    ],
    "double_quote_row": [
      "\"",
      "\"./b\""
    ]
  }
}
